Archive member included to satisfy reference by file (symbol)

C:\Users\Aluno\Documents\PSI3441\PSI3441\Atividade_7\260505-093159-zephyr-blink\.pio\build\frdm_kl25z\zephyr/libzephyr.a(heap.c.o)
                              (--whole-archive)
C:\Users\Aluno\Documents\PSI3441\PSI3441\Atividade_7\260505-093159-zephyr-blink\.pio\build\frdm_kl25z\zephyr/libzephyr.a(cbprintf_packaged.c.o)
                              (--whole-archive)
C:\Users\Aluno\Documents\PSI3441\PSI3441\Atividade_7\260505-093159-zephyr-blink\.pio\build\frdm_kl25z\zephyr/libzephyr.a(clock.c.o)
                              (--whole-archive)
C:\Users\Aluno\Documents\PSI3441\PSI3441\Atividade_7\260505-093159-zephyr-blink\.pio\build\frdm_kl25z\zephyr/libzephyr.a(printk.c.o)
                              (--whole-archive)
C:\Users\Aluno\Documents\PSI3441\PSI3441\Atividade_7\260505-093159-zephyr-blink\.pio\build\frdm_kl25z\zephyr/libzephyr.a(sem.c.o)
                              (--whole-archive)
C:\Users\Aluno\Documents\PSI3441\PSI3441\Atividade_7\260505-093159-zephyr-blink\.pio\build\frdm_kl25z\zephyr/libzephyr.a(thread_entry.c.o)
                              (--whole-archive)
C:\Users\Aluno\Documents\PSI3441\PSI3441\Atividade_7\260505-093159-zephyr-blink\.pio\build\frdm_kl25z\zephyr/libzephyr.a(cbprintf_complete.c.o)
                              (--whole-archive)
C:\Users\Aluno\Documents\PSI3441\PSI3441\Atividade_7\260505-093159-zephyr-blink\.pio\build\frdm_kl25z\zephyr/libzephyr.a(cbprintf.c.o)
                              (--whole-archive)
C:\Users\Aluno\Documents\PSI3441\PSI3441\Atividade_7\260505-093159-zephyr-blink\.pio\build\frdm_kl25z\zephyr/libzephyr.a(assert.c.o)
                              (--whole-archive)
C:\Users\Aluno\Documents\PSI3441\PSI3441\Atividade_7\260505-093159-zephyr-blink\.pio\build\frdm_kl25z\zephyr/libzephyr.a(dec.c.o)
                              (--whole-archive)
C:\Users\Aluno\Documents\PSI3441\PSI3441\Atividade_7\260505-093159-zephyr-blink\.pio\build\frdm_kl25z\zephyr/libzephyr.a(hex.c.o)
                              (--whole-archive)
C:\Users\Aluno\Documents\PSI3441\PSI3441\Atividade_7\260505-093159-zephyr-blink\.pio\build\frdm_kl25z\zephyr/libzephyr.a(rb.c.o)
                              (--whole-archive)
C:\Users\Aluno\Documents\PSI3441\PSI3441\Atividade_7\260505-093159-zephyr-blink\.pio\build\frdm_kl25z\zephyr/libzephyr.a(timeutil.c.o)
                              (--whole-archive)
C:\Users\Aluno\Documents\PSI3441\PSI3441\Atividade_7\260505-093159-zephyr-blink\.pio\build\frdm_kl25z\zephyr/libzephyr.a(bitarray.c.o)
                              (--whole-archive)
C:\Users\Aluno\Documents\PSI3441\PSI3441\Atividade_7\260505-093159-zephyr-blink\.pio\build\frdm_kl25z\zephyr/libzephyr.a(ring_buffer.c.o)
                              (--whole-archive)
C:\Users\Aluno\Documents\PSI3441\PSI3441\Atividade_7\260505-093159-zephyr-blink\.pio\build\frdm_kl25z\zephyr/libzephyr.a(last_section_id.c.o)
                              (--whole-archive)
C:\Users\Aluno\Documents\PSI3441\PSI3441\Atividade_7\260505-093159-zephyr-blink\.pio\build\frdm_kl25z\zephyr/libzephyr.a(configs.c.o)
                              (--whole-archive)
C:\Users\Aluno\Documents\PSI3441\PSI3441\Atividade_7\260505-093159-zephyr-blink\.pio\build\frdm_kl25z\zephyr/libzephyr.a(flash_configuration.c.o)
                              (--whole-archive)
C:\Users\Aluno\Documents\PSI3441\PSI3441\Atividade_7\260505-093159-zephyr-blink\.pio\build\frdm_kl25z\zephyr/libzephyr.a(soc.c.o)
                              (--whole-archive)
C:\Users\Aluno\Documents\PSI3441\PSI3441\Atividade_7\260505-093159-zephyr-blink\.pio\build\frdm_kl25z\zephyr/libzephyr.a(tracing_none.c.o)
                              (--whole-archive)
C:\Users\Aluno\Documents\PSI3441\PSI3441\Atividade_7\260505-093159-zephyr-blink\.pio\build\frdm_kl25z\zephyr/arch/common/libarch__common.a(sw_isr_common.c.o)
                              (--whole-archive)
C:\Users\Aluno\Documents\PSI3441\PSI3441\Atividade_7\260505-093159-zephyr-blink\.pio\build\frdm_kl25z\zephyr/arch/common/libarch__common.a(dynamic_isr.c.o)
                              (--whole-archive)
C:\Users\Aluno\Documents\PSI3441\PSI3441\Atividade_7\260505-093159-zephyr-blink\.pio\build\frdm_kl25z\zephyr/arch/arch/arm/core/libarch__arm__core.a(fatal.c.o)
                              (--whole-archive)
C:\Users\Aluno\Documents\PSI3441\PSI3441\Atividade_7\260505-093159-zephyr-blink\.pio\build\frdm_kl25z\zephyr/arch/arch/arm/core/libarch__arm__core.a(nmi.c.o)
                              (--whole-archive)
C:\Users\Aluno\Documents\PSI3441\PSI3441\Atividade_7\260505-093159-zephyr-blink\.pio\build\frdm_kl25z\zephyr/arch/arch/arm/core/libarch__arm__core.a(nmi_on_reset.S.o)
                              (--whole-archive)
C:\Users\Aluno\Documents\PSI3441\PSI3441\Atividade_7\260505-093159-zephyr-blink\.pio\build\frdm_kl25z\zephyr/arch/arch/arm/core/cortex_m/libarch__arm__core__cortex_m.a(exc_exit.c.o)
[...]
Memory Configuration

Name             Origin             Length             Attributes
FLASH            0x0000000000000000 0x0000000000020000 xr
RAM              0x000000001ffff000 0x0000000000004000 xw
IDT_LIST         0x00000000ffff7fff 0x0000000000008000 xw
*default*        0x0000000000000000 0xffffffffffffffff

Linker script and memory map

LOAD .pio\build\frdm_kl25z\zephyr_pre0\zephyr\misc\empty_file.c.o
LOAD .pio\build\frdm_kl25z\src\main.o
LOAD .pio\build\frdm_kl25z\zephyr_final\zephyr\misc\empty_file.c.o
LOAD .pio\build\frdm_kl25z\zephyr_final\zephyr\isr_tables.c.o
LOAD C:\Users\Aluno\Documents\PSI3441\PSI3441\Atividade_7\260505-093159-zephyr-blink\.pio\build\frdm_kl25z\zephyr/libzephyr.a
LOAD C:\Users\Aluno\Documents\PSI3441\PSI3441\Atividade_7\260505-093159-zephyr-blink\.pio\build\frdm_kl25z\zephyr/arch/common/libarch__common.a
LOAD C:\Users\Aluno\Documents\PSI3441\PSI3441\Atividade_7\260505-093159-zephyr-blink\.pio\build\frdm_kl25z\zephyr/arch/arch/arm/core/libarch__arm__core.a
LOAD C:\Users\Aluno\Documents\PSI3441\PSI3441\Atividade_7\260505-093159-zephyr-blink\.pio\build\frdm_kl25z\zephyr/arch/arch/arm/core/cortex_m/libarch__arm__core__cortex_m.a
LOAD C:\Users\Aluno\Documents\PSI3441\PSI3441\Atividade_7\260505-093159-zephyr-blink\.pio\build\frdm_kl25z\zephyr/lib/libc/newlib/liblib__libc__newlib.a
LOAD C:\Users\Aluno\Documents\PSI3441\PSI3441\Atividade_7\260505-093159-zephyr-blink\.pio\build\frdm_kl25z\zephyr/lib/libc/common/liblib__libc__common.a
LOAD C:\Users\Aluno\Documents\PSI3441\PSI3441\Atividade_7\260505-093159-zephyr-blink\.pio\build\frdm_kl25z\zephyr/drivers/adc/libdrivers__adc.a
LOAD C:\Users\Aluno\Documents\PSI3441\PSI3441\Atividade_7\260505-093159-zephyr-blink\.pio\build\frdm_kl25z\zephyr/drivers/clock_control/libdrivers__clock_control.a
LOAD C:\Users\Aluno\Documents\PSI3441\PSI3441\Atividade_7\260505-093159-zephyr-blink\.pio\build\frdm_kl25z\zephyr/drivers/console/libdrivers__console.a
LOAD C:\Users\Aluno\Documents\PSI3441\PSI3441\Atividade_7\260505-093159-zephyr-blink\.pio\build\frdm_kl25z\zephyr/drivers/gpio/libdrivers__gpio.a
LOAD C:\Users\Aluno\Documents\PSI3441\PSI3441\Atividade_7\260505-093159-zephyr-blink\.pio\build\frdm_kl25z\zephyr/drivers/i2c/libdrivers__i2c.a
LOAD C:\Users\Aluno\Documents\PSI3441\PSI3441\Atividade_7\260505-093159-zephyr-blink\.pio\build\frdm_kl25z\zephyr/drivers/pinctrl/libdrivers__pinctrl.a
LOAD C:\Users\Aluno\Documents\PSI3441\PSI3441\Atividade_7\260505-093159-zephyr-blink\.pio\build\frdm_kl25z\zephyr/drivers/sensor/nxp/fxos8700/libdrivers__sensor__nxp__fxos8700.a
LOAD C:\Users\Aluno\Documents\PSI3441\PSI3441\Atividade_7\260505-093159-zephyr-blink\.pio\build\frdm_kl25z\zephyr/drivers/serial/libdrivers__serial.a
LOAD C:\Users\Aluno\Documents\PSI3441\PSI3441\Atividade_7\260505-093159-zephyr-blink\.pio\build\frdm_kl25z\zephyr/drivers/timer/libdrivers__timer.a
LOAD C:\Users\Aluno\Documents\PSI3441\PSI3441\Atividade_7\260505-093159-zephyr-blink\.pio\build\frdm_kl25z\modules/_bare_module/lib_pio___bare_module.a
LOAD C:\Users\Aluno\Documents\PSI3441\PSI3441\Atividade_7\260505-093159-zephyr-blink\.pio\build\frdm_kl25z\modules/hal_nxp/libmodules__hal_nxp.a
LOAD C:\Users\Aluno\Documents\PSI3441\PSI3441\Atividade_7\260505-093159-zephyr-blink\.pio\build\frdm_kl25z\zephyr\liboffsets.a
LOAD C:\Users\Aluno\Documents\PSI3441\PSI3441\Atividade_7\260505-093159-zephyr-blink\.pio\build\frdm_kl25z\zephyr/kernel/libkernel.a
LOAD C:\Users\Aluno\Documents\PSI3441\PSI3441\Atividade_7\260505-093159-zephyr-blink\.pio\build\frdm_kl25z\zephyr/arch/common/libisr_tables.a
LOAD C:\Users\Aluno\.platformio\packages\toolchain-gccarmnoneeabi@1.80201.181220\arm-none-eabi\lib\thumb\v6-m\nofp\libm.a
LOAD C:\Users\Aluno\.platformio\packages\toolchain-gccarmnoneeabi@1.80201.181220\arm-none-eabi\lib\thumb\v6-m\nofp\libc.a
LOAD c:/users/aluno/.platformio/packages/toolchain-gccarmnoneeabi@1.80201.181220/bin/../lib/gcc/arm-none-eabi/8.2.1/thumb/v6-m/nofp\libgcc.a
LOAD C:\Users\Aluno\.platformio\packages\toolchain-gccarmnoneeabi@1.80201.181220\arm-none-eabi\lib\thumb\v6-m\nofp\libc.a
                0x0000000000000004                _region_min_align = 0x4

.rel.plt        0x0000000000000000        0x0
 *(SORT_BY_ALIGNMENT(.rel.plt))
                [!provide]                        PROVIDE (__rel_iplt_start = .)
 *(SORT_BY_ALIGNMENT(.rel.iplt))
 .rel.iplt      0x0000000000000000        0x0 .pio\build\frdm_kl25z\src\main.o
                [!provide]                        PROVIDE (__rel_iplt_end = .)

.rela.plt       0x0000000000000000        0x0
 *(SORT_BY_ALIGNMENT(.rela.plt))
                [!provide]                        PROVIDE (__rela_iplt_start = .)
 *(SORT_BY_ALIGNMENT(.rela.iplt))
                [!provide]                        PROVIDE (__rela_iplt_end = .)

.rel.dyn
 *(SORT_BY_ALIGNMENT(.rel.*))

.rela.dyn
 *(SORT_BY_ALIGNMENT(.rela.*))

/DISCARD/
 *(SORT_BY_ALIGNMENT(.plt))
 *(SORT_BY_ALIGNMENT(.iplt))
 *(SORT_BY_ALIGNMENT(.eh_frame))
 *(SORT_BY_ALIGNMENT(.got.plt))
 *(SORT_BY_ALIGNMENT(.igot.plt))
 *(SORT_BY_ALIGNMENT(.got))
 *(SORT_BY_ALIGNMENT(.igot))
 *(SORT_BY_ALIGNMENT(.irq_info*))
 *(SORT_BY_ALIGNMENT(.intList*))
 *(SORT_BY_ALIGNMENT(.note.GNU-stack))
                0x0000000000000000                __rom_region_start = 0x0

rom_start       0x0000000000000000      0x410
                0x0000000000000000                __rom_start_address = .
 FILL mask 0x00
                0x0000000000000000                . = (. + (0x0 - (. - __rom_start_address)))
                0x0000000000000000                . = ALIGN (0x4)
                0x0000000000000000                . = ALIGN (0x100)
                0x0000000000000000                . = ALIGN (0x100)
                0x0000000000000000                _vector_start = .
 *(SORT_BY_ALIGNMENT(.exc_vector_table))
 *(SORT_BY_ALIGNMENT(.exc_vector_table.*))
 .exc_vector_table._vector_table_section
                0x0000000000000000       0x40 C:\Users\Aluno\Documents\PSI3441\PSI3441\Atividade_7\260505-093159-zephyr-blink\.pio\build\frdm_kl25z\zephyr/arch/arch/arm/core/cortex_m/libarch__arm__core__cortex_m.a(vector_table.S.o)
                0x0000000000000000                _vector_table
 *(SORT_BY_ALIGNMENT(.vectors))
                0x0000000000000040                _vector_end = .
                0x0000000000000040                . = ALIGN (0x4)
 *(SORT_BY_ALIGNMENT(.gnu.linkonce.irq_vector_table*))
 .gnu.linkonce.irq_vector_table
                0x0000000000000040       0x80 .pio\build\frdm_kl25z\zephyr_final\zephyr\isr_tables.c.o
                0x0000000000000040                _irq_vector_table
                0x00000000000000c0                _vector_end = .
                0x0000000000000400                . = 0x400
 *fill*         0x00000000000000c0      0x340 00
 *(SORT_BY_ALIGNMENT(.kinetis_flash_config))
 *(SORT_BY_ALIGNMENT(.kinetis_flash_config.*))
 .kinetis_flash_config."ZEPHYR_BASE\\soc\\nxp\\kinetis\\flash_configuration.c".0
                0x0000000000000400       0x10 C:\Users\Aluno\Documents\PSI3441\PSI3441\Atividade_7\260505-093159-zephyr-blink\.pio\build\frdm_kl25z\zephyr/libzephyr.a(flash_configuration.c.o)
                0x0000000000000400                __kinetis_flash_config

text            0x0000000000000410     0x4c80
                0x0000000000000410                __text_region_start = .
 *(SORT_BY_ALIGNMENT(.text))
 .text          0x0000000000000410       0x14 c:/users/aluno/.platformio/packages/toolchain-gccarmnoneeabi@1.80201.181220/bin/../lib/gcc/arm-none-eabi/8.2.1/thumb/v6-m/nofp\libgcc.a(_thumb1_case_sqi.o)
                0x0000000000000410                __gnu_thumb1_case_sqi
 .text          0x0000000000000424       0x14 c:/users/aluno/.platformio/packages/toolchain-gccarmnoneeabi@1.80201.181220/bin/../lib/gcc/arm-none-eabi/8.2.1/thumb/v6-m/nofp\libgcc.a(_thumb1_case_uqi.o)
                0x0000000000000424                __gnu_thumb1_case_uqi
 .text          0x0000000000000438      0x114 c:/users/aluno/.platformio/packages/toolchain-gccarmnoneeabi@1.80201.181220/bin/../lib/gcc/arm-none-eabi/8.2.1/thumb/v6-m/nofp\libgcc.a(_udivsi3.o)
                0x0000000000000438                __aeabi_uidiv
                0x0000000000000438                __udivsi3
                0x0000000000000544                __aeabi_uidivmod
 .text          0x000000000000054c      0x1d4 c:/users/aluno/.platformio/packages/toolchain-gccarmnoneeabi@1.80201.181220/bin/../lib/gcc/arm-none-eabi/8.2.1/thumb/v6-m/nofp\libgcc.a(_divsi3.o)
                0x000000000000054c                __divsi3
                0x000000000000054c                __aeabi_idiv
                0x0000000000000718                __aeabi_idivmod
 .text          0x0000000000000720        0x4 c:/users/aluno/.platformio/packages/toolchain-gccarmnoneeabi@1.80201.181220/bin/../lib/gcc/arm-none-eabi/8.2.1/thumb/v6-m/nofp\libgcc.a(_dvmd_tls.o)
                0x0000000000000720                __aeabi_idiv0
                0x0000000000000720                __aeabi_ldiv0
 .text          0x0000000000000724       0x18 c:/users/aluno/.platformio/packages/toolchain-gccarmnoneeabi@1.80201.181220/bin/../lib/gcc/arm-none-eabi/8.2.1/thumb/v6-m/nofp\libgcc.a(_lshrdi3.o)
                0x0000000000000724                __lshrdi3
                0x0000000000000724                __aeabi_llsr
 .text          0x000000000000073c       0x1c c:/users/aluno/.platformio/packages/toolchain-gccarmnoneeabi@1.80201.181220/bin/../lib/gcc/arm-none-eabi/8.2.1/thumb/v6-m/nofp\libgcc.a(_ashrdi3.o)
                0x000000000000073c                __aeabi_lasr
                0x000000000000073c                __ashrdi3
 .text          0x0000000000000758       0x3c c:/users/aluno/.platformio/packages/toolchain-gccarmnoneeabi@1.80201.181220/bin/../lib/gcc/arm-none-eabi/8.2.1/thumb/v6-m/nofp\libgcc.a(_clzsi2.o)
                0x0000000000000758                __clzsi2
 .text          0x0000000000000794       0x40 c:/users/aluno/.platformio/packages/toolchain-gccarmnoneeabi@1.80201.181220/bin/../lib/gcc/arm-none-eabi/8.2.1/thumb/v6-m/nofp\libgcc.a(_ctzsi2.o)
                0x0000000000000794                __ctzsi2
 .text          0x00000000000007d4       0x40 c:/users/aluno/.platformio/packages/toolchain-gccarmnoneeabi@1.80201.181220/bin/../lib/gcc/arm-none-eabi/8.2.1/thumb/v6-m/nofp\libgcc.a(_aeabi_uldivmod.o)
                0x00000000000007d4                __aeabi_uldivmod
 .text          0x0000000000000814       0x18 c:/users/aluno/.platformio/packages/toolchain-gccarmnoneeabi@1.80201.181220/bin/../lib/gcc/arm-none-eabi/8.2.1/thumb/v6-m/nofp\libgcc.a(_clzdi2.o)
                0x0000000000000814                __clzdi2
 *(SORT_BY_ALIGNMENT(.text.*))
 .text.padeiro  0x000000000000082c       0x44 .pio\build\frdm_kl25z\src\main.o
                0x000000000000082c                padeiro
 .text.cliente  0x0000000000000870       0x44 .pio\build\frdm_kl25z\src\main.o
                0x0000000000000870                cliente
 .text.char_out
                0x00000000000008b4       0x10 C:\Users\Aluno\Documents\PSI3441\PSI3441\Atividade_7\260505-093159-zephyr-blink\.pio\build\frdm_kl25z\zephyr/libzephyr.a(printk.c.o)
 .text.__printk_hook_install
                0x00000000000008c4        0xc C:\Users\Aluno\Documents\PSI3441\PSI3441\Atividade_7\260505-093159-zephyr-blink\.pio\build\frdm_kl25z\zephyr/libzephyr.a(printk.c.o)
                0x00000000000008c4                __printk_hook_install
 .text.vprintk  0x00000000000008d0       0x18 C:\Users\Aluno\Documents\PSI3441\PSI3441\Atividade_7\260505-093159-zephyr-blink\.pio\build\frdm_kl25z\zephyr/libzephyr.a(printk.c.o)
                0x00000000000008d0                vprintk
 .text.extract_decimal
                0x00000000000008e8       0x28 C:\Users\Aluno\Documents\PSI3441\PSI3441\Atividade_7\260505-093159-zephyr-blink\.pio\build\frdm_kl25z\zephyr/libzephyr.a(cbprintf_complete.c.o)
 .text._ldiv5   0x0000000000000910       0x5c C:\Users\Aluno\Documents\PSI3441\PSI3441\Atividade_7\260505-093159-zephyr-blink\.pio\build\frdm_kl25z\zephyr/libzephyr.a(cbprintf_complete.c.o)
 .text.encode_uint
                0x000000000000096c       0x9c C:\Users\Aluno\Documents\PSI3441\PSI3441\Atividade_7\260505-093159-zephyr-blink\.pio\build\frdm_kl25z\zephyr/libzephyr.a(cbprintf_complete.c.o)
 .text.z_cbvprintf_impl
                0x0000000000000a08      0xc40 C:\Users\Aluno\Documents\PSI3441\PSI3441\Atividade_7\260505-093159-zephyr-blink\.pio\build\frdm_kl25z\zephyr/libzephyr.a(cbprintf_complete.c.o)
                0x0000000000000a08                z_cbvprintf_impl
 .text.clock_init
                0x0000000000001648       0x84 C:\Users\Aluno\Documents\PSI3441\PSI3441\Atividade_7\260505-093159-zephyr-blink\.pio\build\frdm_kl25z\zephyr/libzephyr.a(soc.c.o)
                0x0000000000001648                clock_init
 .text.z_SysNmiOnReset
                0x00000000000016cc        0x4 C:\Users\Aluno\Documents\PSI3441\PSI3441\Atividade_7\260505-093159-zephyr-blink\.pio\build\frdm_kl25z\zephyr/arch/arch/arm/core/libarch__arm__core.a(nmi_on_reset.S.o)
                0x00000000000016cc                z_SysNmiOnReset
 .text._HandlerModeExit
                0x00000000000016d0       0x20 C:\Users\Aluno\Documents\PSI3441\PSI3441\Atividade_7\260505-093159-zephyr-blink\.pio\build\frdm_kl25z\zephyr/arch/arch/arm/core/cortex_m/libarch__arm__core__cortex_m.a(exc_exit.c.o)
                0x00000000000016d0                z_arm_int_exit
                0x00000000000016d0                z_arm_exc_exit
 .text.z_arm_fault
                0x00000000000016f0       0xa8 C:\Users\Aluno\Documents\PSI3441\PSI3441\Atividade_7\260505-093159-zephyr-blink\.pio\build\frdm_kl25z\zephyr/arch/arch/arm/core/cortex_m/libarch__arm__core__cortex_m.a(fault.c.o)
                0x00000000000016f0                z_arm_fault
 .text.z_arm_fault_init
                0x0000000000001798       0x10 C:\Users\Aluno\Documents\PSI3441\PSI3441\Atividade_7\260505-093159-zephyr-blink\.pio\build\frdm_kl25z\zephyr/arch/arch/arm/core/cortex_m/libarch__arm__core__cortex_m.a(fault.c.o)
                0x0000000000001798                z_arm_fault_init
 .text.__fault  0x00000000000017a8       0x14 C:\Users\Aluno\Documents\PSI3441\PSI3441\Atividade_7\260505-093159-zephyr-blink\.pio\build\frdm_kl25z\zephyr/arch/arch/arm/core/cortex_m/libarch__arm__core__cortex_m.a(fault_s.S.o)
                0x00000000000017a8                z_arm_hard_fault
                0x00000000000017a8                z_arm_exc_spurious
 .text._reset_section
                0x00000000000017bc       0x38 C:\Users\Aluno\Documents\PSI3441\PSI3441\Atividade_7\260505-093159-zephyr-blink\.pio\build\frdm_kl25z\zephyr/arch/arch/arm/core/cortex_m/libarch__arm__core__cortex_m.a(reset.S.o)
                0x00000000000017bc                __start
                0x00000000000017bc                z_arm_reset
 .text.z_impl_k_thread_abort
                0x00000000000017f4       0x38 C:\Users\Aluno\Documents\PSI3441\PSI3441\Atividade_7\260505-093159-zephyr-blink\.pio\build\frdm_kl25z\zephyr/arch/arch/arm/core/cortex_m/libarch__arm__core__cortex_m.a(thread_abort.c.o)
                0x00000000000017f4                z_impl_k_thread_abort
 .text.z_arm_pendsv
                0x000000000000182c       0x60 C:\Users\Aluno\Documents\PSI3441\PSI3441\Atividade_7\260505-093159-zephyr-blink\.pio\build\frdm_kl25z\zephyr/arch/arch/arm/core/cortex_m/libarch__arm__core__cortex_m.a(swap_helper.S.o)
                0x000000000000182c                z_arm_pendsv
 .text.z_arm_svc
                0x000000000000188c       0x28 C:\Users\Aluno\Documents\PSI3441\PSI3441\Atividade_7\260505-093159-zephyr-blink\.pio\build\frdm_kl25z\zephyr/arch/arch/arm/core/cortex_m/libarch__arm__core__cortex_m.a(swap_helper.S.o)
                0x000000000000188c                z_arm_svc
 .text.__NVIC_SetPriority
                0x00000000000018b4       0x54 C:\Users\Aluno\Documents\PSI3441\PSI3441\Atividade_7\260505-093159-zephyr-blink\.pio\build\frdm_kl25z\zephyr/arch/arch/arm/core/cortex_m/libarch__arm__core__cortex_m.a(irq_manage.c.o)
 .text.arm_irq_enable
                0x0000000000001908       0x18 C:\Users\Aluno\Documents\PSI3441\PSI3441\Atividade_7\260505-093159-zephyr-blink\.pio\build\frdm_kl25z\zephyr/arch/arch/arm/core/cortex_m/libarch__arm__core__cortex_m.a(irq_manage.c.o)
                0x0000000000001908                arm_irq_enable
 .text.relocate_vector_table
                0x0000000000001920       0x1c C:\Users\Aluno\Documents\PSI3441\PSI3441\Atividade_7\260505-093159-zephyr-blink\.pio\build\frdm_kl25z\zephyr/arch/arch/arm/core/cortex_m/libarch__arm__core__cortex_m.a(prep_c.c.o)
                0x0000000000001920                relocate_vector_table
 .text.arch_new_thread
                0x000000000000193c       0x2c C:\Users\Aluno\Documents\PSI3441\PSI3441\Atividade_7\260505-093159-zephyr-blink\.pio\build\frdm_kl25z\zephyr/arch/arch/arm/core/cortex_m/libarch__arm__core__cortex_m.a(thread.c.o)
                0x000000000000193c                arch_new_thread
 .text.arch_switch_to_main_thread
                0x0000000000001968       0x30 C:\Users\Aluno\Documents\PSI3441\PSI3441\Atividade_7\260505-093159-zephyr-blink\.pio\build\frdm_kl25z\zephyr/arch/arch/arm/core/cortex_m/libarch__arm__core__cortex_m.a(thread.c.o)
                0x0000000000001968                arch_switch_to_main_thread
 .text.z_arm_cpu_idle_init
                0x0000000000001998        0xc C:\Users\Aluno\Documents\PSI3441\PSI3441\Atividade_7\260505-093159-zephyr-blink\.pio\build\frdm_kl25z\zephyr/arch/arch/arm/core/cortex_m/libarch__arm__core__cortex_m.a(cpu_idle.c.o)
                0x0000000000001998                z_arm_cpu_idle_init
 .text.z_arm_interrupt_init
                0x00000000000019a4       0x30 C:\Users\Aluno\Documents\PSI3441\PSI3441\Atividade_7\260505-093159-zephyr-blink\.pio\build\frdm_kl25z\zephyr/arch/arch/arm/core/cortex_m/libarch__arm__core__cortex_m.a(irq_init.c.o)
                0x00000000000019a4                z_arm_interrupt_init
 .text._isr_wrapper
                0x00000000000019d4       0x20 C:\Users\Aluno\Documents\PSI3441\PSI3441\Atividade_7\260505-093159-zephyr-blink\.pio\build\frdm_kl25z\zephyr/arch/arch/arm/core/cortex_m/libarch__arm__core__cortex_m.a(isr_wrapper.c.o)
                0x00000000000019d4                _isr_wrapper
 .text.__stdout_hook_install
                0x00000000000019f4        0xc C:\Users\Aluno\Documents\PSI3441\PSI3441\Atividade_7\260505-093159-zephyr-blink\.pio\build\frdm_kl25z\zephyr/lib/libc/newlib/liblib__libc__newlib.a(libc-hooks.c.o)
                0x00000000000019f4                __stdout_hook_install
 .text.mcux_sim_on
                0x0000000000001a00       0x1c C:\Users\Aluno\Documents\PSI3441\PSI3441\Atividade_7\260505-093159-zephyr-blink\.pio\build\frdm_kl25z\zephyr/drivers/clock_control/libdrivers__clock_control.a(clock_control_mcux_sim.c.o)
 .text.mcux_sim_off
                0x0000000000001a1c       0x1c C:\Users\Aluno\Documents\PSI3441\PSI3441\Atividade_7\260505-093159-zephyr-blink\.pio\build\frdm_kl25z\zephyr/drivers/clock_control/libdrivers__clock_control.a(clock_control_mcux_sim.c.o)
 .text.mcux_sim_get_subsys_rate
                0x0000000000001a38       0x30 C:\Users\Aluno\Documents\PSI3441\PSI3441\Atividade_7\260505-093159-zephyr-blink\.pio\build\frdm_kl25z\zephyr/drivers/clock_control/libdrivers__clock_control.a(clock_control_mcux_sim.c.o)
 .text.uart_console_init
                0x0000000000001a68       0x2c C:\Users\Aluno\Documents\PSI3441\PSI3441\Atividade_7\260505-093159-zephyr-blink\.pio\build\frdm_kl25z\zephyr/drivers/console/libdrivers__console.a(uart_console.c.o)
 .text.console_out
                0x0000000000001a94       0x28 C:\Users\Aluno\Documents\PSI3441\PSI3441\Atividade_7\260505-093159-zephyr-blink\.pio\build\frdm_kl25z\zephyr/drivers/console/libdrivers__console.a(uart_console.c.o)
 .text.gpio_mcux_port_configure
                0x0000000000001abc       0xa0 C:\Users\Aluno\Documents\PSI3441\PSI3441\Atividade_7\260505-093159-zephyr-blink\.pio\build\frdm_kl25z\zephyr/drivers/gpio/libdrivers__gpio.a(gpio_mcux.c.o)
 .text.gpio_mcux_pin_interrupt_configure
                0x0000000000001b5c       0x88 C:\Users\Aluno\Documents\PSI3441\PSI3441\Atividade_7\260505-093159-zephyr-blink\.pio\build\frdm_kl25z\zephyr/drivers/gpio/libdrivers__gpio.a(gpio_mcux.c.o)
 .text.i2c_mcux_configure
                0x0000000000001be4       0x58 C:\Users\Aluno\Documents\PSI3441\PSI3441\Atividade_7\260505-093159-zephyr-blink\.pio\build\frdm_kl25z\zephyr/drivers/i2c/libdrivers__i2c.a(i2c_mcux.c.o)
 .text.i2c_mcux_init
                0x0000000000001c3c       0xcc C:\Users\Aluno\Documents\PSI3441\PSI3441\Atividade_7\260505-093159-zephyr-blink\.pio\build\frdm_kl25z\zephyr/drivers/i2c/libdrivers__i2c.a(i2c_mcux.c.o)
 .text.pinctrl_configure_pins
                0x0000000000001d08       0x44 C:\Users\Aluno\Documents\PSI3441\PSI3441\Atividade_7\260505-093159-zephyr-blink\.pio\build\frdm_kl25z\zephyr/drivers/pinctrl/libdrivers__pinctrl.a(pinctrl_nxp_port.c.o)
                0x0000000000001d08                pinctrl_configure_pins
 .text.fxos8700_channel_get
                0x0000000000001d4c      0x134 C:\Users\Aluno\Documents\PSI3441\PSI3441\Atividade_7\260505-093159-zephyr-blink\.pio\build\frdm_kl25z\zephyr/drivers/sensor/nxp/fxos8700/libdrivers__sensor__nxp__fxos8700.a(fxos8700.c.o)
 .text.fxos8700_set_odr
                0x0000000000001e80       0xc4 C:\Users\Aluno\Documents\PSI3441\PSI3441\Atividade_7\260505-093159-zephyr-blink\.pio\build\frdm_kl25z\zephyr/drivers/sensor/nxp/fxos8700/libdrivers__sensor__nxp__fxos8700.a(fxos8700.c.o)
 .text.fxos8700_init
                0x0000000000001f44      0x178 C:\Users\Aluno\Documents\PSI3441\PSI3441\Atividade_7\260505-093159-zephyr-blink\.pio\build\frdm_kl25z\zephyr/drivers/sensor/nxp/fxos8700/libdrivers__sensor__nxp__fxos8700.a(fxos8700.c.o)
 .text.elapsed  0x00000000000020bc       0x40 C:\Users\Aluno\Documents\PSI3441\PSI3441\Atividade_7\260505-093159-zephyr-blink\.pio\build\frdm_kl25z\zephyr/drivers/timer/libdrivers__timer.a(cortex_m_systick.c.o)
 .text.sys_clock_driver_init
                0x00000000000020fc       0x40 C:\Users\Aluno\Documents\PSI3441\PSI3441\Atividade_7\260505-093159-zephyr-blink\.pio\build\frdm_kl25z\zephyr/drivers/timer/libdrivers__timer.a(cortex_m_systick.c.o)
 .text.sys_clock_isr
                0x000000000000213c       0x44 C:\Users\Aluno\Documents\PSI3441\PSI3441\Atividade_7\260505-093159-zephyr-blink\.pio\build\frdm_kl25z\zephyr/drivers/timer/libdrivers__timer.a(cortex_m_systick.c.o)
                0x000000000000213c                sys_clock_isr
 .text.sys_clock_set_timeout
                0x0000000000002180       0xf8 C:\Users\Aluno\Documents\PSI3441\PSI3441\Atividade_7\260505-093159-zephyr-blink\.pio\build\frdm_kl25z\zephyr/drivers/timer/libdrivers__timer.a(cortex_m_systick.c.o)
                0x0000000000002180                sys_clock_set_timeout
 .text.sys_clock_elapsed
                0x0000000000002278       0x34 C:\Users\Aluno\Documents\PSI3441\PSI3441\Atividade_7\260505-093159-zephyr-blink\.pio\build\frdm_kl25z\zephyr/drivers/timer/libdrivers__timer.a(cortex_m_systick.c.o)
                0x0000000000002278                sys_clock_elapsed
 .text.sys_clock_cycle_get_32
                0x00000000000022ac       0x24 C:\Users\Aluno\Documents\PSI3441\PSI3441\Atividade_7\260505-093159-zephyr-blink\.pio\build\frdm_kl25z\zephyr/drivers/timer/libdrivers__timer.a(cortex_m_systick.c.o)
                0x00000000000022ac                sys_clock_cycle_get_32
 .text.CLOCK_GetFllExtRefClkFreq
                0x00000000000022d0       0x3c C:\Users\Aluno\Documents\PSI3441\PSI3441\Atividade_7\260505-093159-zephyr-blink\.pio\build\frdm_kl25z\modules/hal_nxp/libmodules__hal_nxp.a(fsl_clock.c.o)
 .text.CLOCK_GetInternalRefClkSelectFreq
                0x000000000000230c       0x28 C:\Users\Aluno\Documents\PSI3441\PSI3441\Atividade_7\260505-093159-zephyr-blink\.pio\build\frdm_kl25z\modules/hal_nxp/libmodules__hal_nxp.a(fsl_clock.c.o)
 .text.CLOCK_GetOsc0ErClkFreq
                0x0000000000002334       0x1c C:\Users\Aluno\Documents\PSI3441\PSI3441\Atividade_7\260505-093159-zephyr-blink\.pio\build\frdm_kl25z\modules/hal_nxp/libmodules__hal_nxp.a(fsl_clock.c.o)
                0x0000000000002334                CLOCK_GetOsc0ErClkFreq
 .text.CLOCK_GetEr32kClkFreq
                0x0000000000002350       0x40 C:\Users\Aluno\Documents\PSI3441\PSI3441\Atividade_7\260505-093159-zephyr-blink\.pio\build\frdm_kl25z\modules/hal_nxp/libmodules__hal_nxp.a(fsl_clock.c.o)
                0x0000000000002350                CLOCK_GetEr32kClkFreq
 .text.CLOCK_SetSimConfig
                0x0000000000002390       0x4c C:\Users\Aluno\Documents\PSI3441\PSI3441\Atividade_7\260505-093159-zephyr-blink\.pio\build\frdm_kl25z\modules/hal_nxp/libmodules__hal_nxp.a(fsl_clock.c.o)
                0x0000000000002390                CLOCK_SetSimConfig
 .text.CLOCK_GetFllFreq
                0x00000000000023dc       0x4c C:\Users\Aluno\Documents\PSI3441\PSI3441\Atividade_7\260505-093159-zephyr-blink\.pio\build\frdm_kl25z\modules/hal_nxp/libmodules__hal_nxp.a(fsl_clock.c.o)
                0x00000000000023dc                CLOCK_GetFllFreq
 .text.CLOCK_GetInternalRefClkFreq
                0x0000000000002428       0x18 C:\Users\Aluno\Documents\PSI3441\PSI3441\Atividade_7\260505-093159-zephyr-blink\.pio\build\frdm_kl25z\modules/hal_nxp/libmodules__hal_nxp.a(fsl_clock.c.o)
                0x0000000000002428                CLOCK_GetInternalRefClkFreq
 .text.CLOCK_GetPll0Freq
                0x0000000000002440       0x30 C:\Users\Aluno\Documents\PSI3441\PSI3441\Atividade_7\260505-093159-zephyr-blink\.pio\build\frdm_kl25z\modules/hal_nxp/libmodules__hal_nxp.a(fsl_clock.c.o)
                0x0000000000002440                CLOCK_GetPll0Freq
 .text.CLOCK_GetPllFllSelClkFreq
                0x0000000000002470       0x24 C:\Users\Aluno\Documents\PSI3441\PSI3441\Atividade_7\260505-093159-zephyr-blink\.pio\build\frdm_kl25z\modules/hal_nxp/libmodules__hal_nxp.a(fsl_clock.c.o)
                0x0000000000002470                CLOCK_GetPllFllSelClkFreq
 .text.CLOCK_GetOutClkFreq
                0x0000000000002494       0x38 C:\Users\Aluno\Documents\PSI3441\PSI3441\Atividade_7\260505-093159-zephyr-blink\.pio\build\frdm_kl25z\modules/hal_nxp/libmodules__hal_nxp.a(fsl_clock.c.o)
                0x0000000000002494                CLOCK_GetOutClkFreq
 .text.CLOCK_GetFixedFreqClkFreq
                0x00000000000024cc       0x34 C:\Users\Aluno\Documents\PSI3441\PSI3441\Atividade_7\260505-093159-zephyr-blink\.pio\build\frdm_kl25z\modules/hal_nxp/libmodules__hal_nxp.a(fsl_clock.c.o)
                0x00000000000024cc                CLOCK_GetFixedFreqClkFreq
 .text.CLOCK_GetFreq
                0x0000000000002500       0x84 C:\Users\Aluno\Documents\PSI3441\PSI3441\Atividade_7\260505-093159-zephyr-blink\.pio\build\frdm_kl25z\modules/hal_nxp/libmodules__hal_nxp.a(fsl_clock.c.o)
                0x0000000000002500                CLOCK_GetFreq
 .text.CLOCK_SetInternalRefClkConfig
                0x0000000000002584       0x74 C:\Users\Aluno\Documents\PSI3441\PSI3441\Atividade_7\260505-093159-zephyr-blink\.pio\build\frdm_kl25z\modules/hal_nxp/libmodules__hal_nxp.a(fsl_clock.c.o)
                0x0000000000002584                CLOCK_SetInternalRefClkConfig
 .text.CLOCK_EnablePll0
                0x00000000000025f8       0x30 C:\Users\Aluno\Documents\PSI3441\PSI3441\Atividade_7\260505-093159-zephyr-blink\.pio\build\frdm_kl25z\modules/hal_nxp/libmodules__hal_nxp.a(fsl_clock.c.o)
                0x00000000000025f8                CLOCK_EnablePll0
 .text.CLOCK_InitOsc0
                0x0000000000002628       0x6c C:\Users\Aluno\Documents\PSI3441\PSI3441\Atividade_7\260505-093159-zephyr-blink\.pio\build\frdm_kl25z\modules/hal_nxp/libmodules__hal_nxp.a(fsl_clock.c.o)
                0x0000000000002628                CLOCK_InitOsc0
 .text.CLOCK_SetPbeMode
                0x0000000000002694       0x50 C:\Users\Aluno\Documents\PSI3441\PSI3441\Atividade_7\260505-093159-zephyr-blink\.pio\build\frdm_kl25z\modules/hal_nxp/libmodules__hal_nxp.a(fsl_clock.c.o)
                0x0000000000002694                CLOCK_SetPbeMode
 .text.CLOCK_BootToPeeMode
                0x00000000000026e4       0x2c C:\Users\Aluno\Documents\PSI3441\PSI3441\Atividade_7\260505-093159-zephyr-blink\.pio\build\frdm_kl25z\modules/hal_nxp/libmodules__hal_nxp.a(fsl_clock.c.o)
                0x00000000000026e4                CLOCK_BootToPeeMode
 .text.SystemInit
                0x0000000000002710       0x10 C:\Users\Aluno\Documents\PSI3441\PSI3441\Atividade_7\260505-093159-zephyr-blink\.pio\build\frdm_kl25z\modules/hal_nxp/libmodules__hal_nxp.a(system_MKL25Z4.c.o)
                0x0000000000002710                SystemInit
 .text.ADC16_Init
                0x0000000000002720       0x94 C:\Users\Aluno\Documents\PSI3441\PSI3441\Atividade_7\260505-093159-zephyr-blink\.pio\build\frdm_kl25z\modules/hal_nxp/libmodules__hal_nxp.a(fsl_adc16.c.o)
                0x0000000000002720                ADC16_Init
 .text.I2C_CheckAndClearError
                0x00000000000027b4       0x28 C:\Users\Aluno\Documents\PSI3441\PSI3441\Atividade_7\260505-093159-zephyr-blink\.pio\build\frdm_kl25z\modules/hal_nxp/libmodules__hal_nxp.a(fsl_i2c.c.o)
 .text.I2C_GetInstance.part.1
                0x00000000000027dc       0x20 C:\Users\Aluno\Documents\PSI3441\PSI3441\Atividade_7\260505-093159-zephyr-blink\.pio\build\frdm_kl25z\modules/hal_nxp/libmodules__hal_nxp.a(fsl_i2c.c.o)
 .text.I2C_MasterGetDefaultConfig
                0x00000000000027fc       0x20 C:\Users\Aluno\Documents\PSI3441\PSI3441\Atividade_7\260505-093159-zephyr-blink\.pio\build\frdm_kl25z\modules/hal_nxp/libmodules__hal_nxp.a(fsl_i2c.c.o)
                0x00000000000027fc                I2C_MasterGetDefaultConfig
 .text.I2C_MasterSetBaudRate
                0x000000000000281c       0x68 C:\Users\Aluno\Documents\PSI3441\PSI3441\Atividade_7\260505-093159-zephyr-blink\.pio\build\frdm_kl25z\modules/hal_nxp/libmodules__hal_nxp.a(fsl_i2c.c.o)
                0x000000000000281c                I2C_MasterSetBaudRate
 .text.I2C_MasterInit
                0x0000000000002884       0x80 C:\Users\Aluno\Documents\PSI3441\PSI3441\Atividade_7\260505-093159-zephyr-blink\.pio\build\frdm_kl25z\modules/hal_nxp/libmodules__hal_nxp.a(fsl_i2c.c.o)
                0x0000000000002884                I2C_MasterInit
 .text.I2C_MasterStart
                0x0000000000002904       0x34 C:\Users\Aluno\Documents\PSI3441\PSI3441\Atividade_7\260505-093159-zephyr-blink\.pio\build\frdm_kl25z\modules/hal_nxp/libmodules__hal_nxp.a(fsl_i2c.c.o)
                0x0000000000002904                I2C_MasterStart
 .text.I2C_MasterRepeatedStart
                0x0000000000002938       0x54 C:\Users\Aluno\Documents\PSI3441\PSI3441\Atividade_7\260505-093159-zephyr-blink\.pio\build\frdm_kl25z\modules/hal_nxp/libmodules__hal_nxp.a(fsl_i2c.c.o)
                0x0000000000002938                I2C_MasterRepeatedStart
 .text.I2C_MasterTransferHandleIRQ
                0x000000000000298c      0x19c C:\Users\Aluno\Documents\PSI3441\PSI3441\Atividade_7\260505-093159-zephyr-blink\.pio\build\frdm_kl25z\modules/hal_nxp/libmodules__hal_nxp.a(fsl_i2c.c.o)
                0x000000000000298c                I2C_MasterTransferHandleIRQ
 .text.I2C_MasterTransferCreateHandle
                0x0000000000002b28       0x54 C:\Users\Aluno\Documents\PSI3441\PSI3441\Atividade_7\260505-093159-zephyr-blink\.pio\build\frdm_kl25z\modules/hal_nxp/libmodules__hal_nxp.a(fsl_i2c.c.o)
                0x0000000000002b28                I2C_MasterTransferCreateHandle
 .text.I2C_MasterTransferNonBlocking
                0x0000000000002b7c       0x94 C:\Users\Aluno\Documents\PSI3441\PSI3441\Atividade_7\260505-093159-zephyr-blink\.pio\build\frdm_kl25z\modules/hal_nxp/libmodules__hal_nxp.a(fsl_i2c.c.o)
                0x0000000000002b7c                I2C_MasterTransferNonBlocking
 .text.I2C_MasterTransferAbort
                0x0000000000002c10       0x58 C:\Users\Aluno\Documents\PSI3441\PSI3441\Atividade_7\260505-093159-zephyr-blink\.pio\build\frdm_kl25z\modules/hal_nxp/libmodules__hal_nxp.a(fsl_i2c.c.o)
                0x0000000000002c10                I2C_MasterTransferAbort
 .text.LPSCI_Init
                0x0000000000002c68      0x134 C:\Users\Aluno\Documents\PSI3441\PSI3441\Atividade_7\260505-093159-zephyr-blink\.pio\build\frdm_kl25z\modules/hal_nxp/libmodules__hal_nxp.a(fsl_lpsci.c.o)
                0x0000000000002c68                LPSCI_Init
 .text.LPSCI_ClearStatusFlags
                0x0000000000002d9c       0x54 C:\Users\Aluno\Documents\PSI3441\PSI3441\Atividade_7\260505-093159-zephyr-blink\.pio\build\frdm_kl25z\modules/hal_nxp/libmodules__hal_nxp.a(fsl_lpsci.c.o)
                0x0000000000002d9c                LPSCI_ClearStatusFlags
 .text.z_fatal_error
                0x0000000000002df0       0x28 C:\Users\Aluno\Documents\PSI3441\PSI3441\Atividade_7\260505-093159-zephyr-blink\.pio\build\frdm_kl25z\zephyr/kernel/libkernel.a(fatal.c.o)
                0x0000000000002df0                z_fatal_error
 .text.z_sys_init_run_level
                0x0000000000002e18       0x34 C:\Users\Aluno\Documents\PSI3441\PSI3441\Atividade_7\260505-093159-zephyr-blink\.pio\build\frdm_kl25z\zephyr/kernel/libkernel.a(init.c.o)
 .text.bg_thread_main
                0x0000000000002e4c       0xa8 C:\Users\Aluno\Documents\PSI3441\PSI3441\Atividade_7\260505-093159-zephyr-blink\.pio\build\frdm_kl25z\zephyr/kernel/libkernel.a(init.c.o)
 .text.z_bss_zero
                0x0000000000002ef4       0x18 C:\Users\Aluno\Documents\PSI3441\PSI3441\Atividade_7\260505-093159-zephyr-blink\.pio\build\frdm_kl25z\zephyr/kernel/libkernel.a(init.c.o)
                0x0000000000002ef4                z_bss_zero
 .text.z_init_cpu
                0x0000000000002f0c       0x68 C:\Users\Aluno\Documents\PSI3441\PSI3441\Atividade_7\260505-093159-zephyr-blink\.pio\build\frdm_kl25z\zephyr/kernel/libkernel.a(init.c.o)
                0x0000000000002f0c                z_init_cpu
 .text.z_cstart
                0x0000000000002f74       0xb8 C:\Users\Aluno\Documents\PSI3441\PSI3441\Atividade_7\260505-093159-zephyr-blink\.pio\build\frdm_kl25z\zephyr/kernel/libkernel.a(init.c.o)
                0x0000000000002f74                z_cstart
 .text.z_impl_k_mutex_lock
                0x000000000000302c      0x10c C:\Users\Aluno\Documents\PSI3441\PSI3441\Atividade_7\260505-093159-zephyr-blink\.pio\build\frdm_kl25z\zephyr/kernel/libkernel.a(mutex.c.o)
                0x000000000000302c                z_impl_k_mutex_lock
 .text.z_impl_k_mutex_unlock
                0x0000000000003138       0xb0 C:\Users\Aluno\Documents\PSI3441\PSI3441\Atividade_7\260505-093159-zephyr-blink\.pio\build\frdm_kl25z\zephyr/kernel/libkernel.a(mutex.c.o)
                0x0000000000003138                z_impl_k_mutex_unlock
 .text.z_impl_k_sem_give
                0x00000000000031e8       0x64 C:\Users\Aluno\Documents\PSI3441\PSI3441\Atividade_7\260505-093159-zephyr-blink\.pio\build\frdm_kl25z\zephyr/kernel/libkernel.a(sem.c.o)
                0x00000000000031e8                z_impl_k_sem_give
 .text.z_impl_k_sem_take
                0x000000000000324c       0x54 C:\Users\Aluno\Documents\PSI3441\PSI3441\Atividade_7\260505-093159-zephyr-blink\.pio\build\frdm_kl25z\zephyr/kernel/libkernel.a(sem.c.o)
                0x000000000000324c                z_impl_k_sem_take
 .text.z_setup_new_thread
                0x00000000000032a0       0x58 C:\Users\Aluno\Documents\PSI3441\PSI3441\Atividade_7\260505-093159-zephyr-blink\.pio\build\frdm_kl25z\zephyr/kernel/libkernel.a(thread.c.o)
                0x00000000000032a0                z_setup_new_thread
 .text.z_dummy_thread_init
                0x00000000000032f8       0x14 C:\Users\Aluno\Documents\PSI3441\PSI3441\Atividade_7\260505-093159-zephyr-blink\.pio\build\frdm_kl25z\zephyr/kernel/libkernel.a(thread.c.o)
                0x00000000000032f8                z_dummy_thread_init
 .text.z_swap_irqlock
                0x000000000000330c       0x2c C:\Users\Aluno\Documents\PSI3441\PSI3441\Atividade_7\260505-093159-zephyr-blink\.pio\build\frdm_kl25z\zephyr/kernel/libkernel.a(sched.c.o)
 .text.unready_thread
                0x0000000000003338       0x58 C:\Users\Aluno\Documents\PSI3441\PSI3441\Atividade_7\260505-093159-zephyr-blink\.pio\build\frdm_kl25z\zephyr/kernel/libkernel.a(sched.c.o)
 .text.add_thread_timeout
                0x0000000000003390       0x18 C:\Users\Aluno\Documents\PSI3441\PSI3441\Atividade_7\260505-093159-zephyr-blink\.pio\build\frdm_kl25z\zephyr/kernel/libkernel.a(sched.c.o)
 .text.ready_thread
                0x00000000000033a8       0x94 C:\Users\Aluno\Documents\PSI3441\PSI3441\Atividade_7\260505-093159-zephyr-blink\.pio\build\frdm_kl25z\zephyr/kernel/libkernel.a(sched.c.o)
 .text.move_thread_to_end_of_prio_q
                0x000000000000343c       0xa0 C:\Users\Aluno\Documents\PSI3441\PSI3441\Atividade_7\260505-093159-zephyr-blink\.pio\build\frdm_kl25z\zephyr/kernel/libkernel.a(sched.c.o)
                0x000000000000343c                move_thread_to_end_of_prio_q
 .text.z_pend_curr
                0x00000000000034dc       0x38 C:\Users\Aluno\Documents\PSI3441\PSI3441\Atividade_7\260505-093159-zephyr-blink\.pio\build\frdm_kl25z\zephyr/kernel/libkernel.a(sched.c.o)
                0x00000000000034dc                z_pend_curr
 .text.z_thread_prio_set
                0x0000000000003514       0xf0 C:\Users\Aluno\Documents\PSI3441\PSI3441\Atividade_7\260505-093159-zephyr-blink\.pio\build\frdm_kl25z\zephyr/kernel/libkernel.a(sched.c.o)
                0x0000000000003514                z_thread_prio_set
 .text.z_reschedule
                0x0000000000003604       0x2c C:\Users\Aluno\Documents\PSI3441\PSI3441\Atividade_7\260505-093159-zephyr-blink\.pio\build\frdm_kl25z\zephyr/kernel/libkernel.a(sched.c.o)
                0x0000000000003604                z_reschedule
 .text.z_reschedule_irqlock
                0x0000000000003630       0x2c C:\Users\Aluno\Documents\PSI3441\PSI3441\Atividade_7\260505-093159-zephyr-blink\.pio\build\frdm_kl25z\zephyr/kernel/libkernel.a(sched.c.o)
                0x0000000000003630                z_reschedule_irqlock
 .text.k_sched_lock
                0x000000000000365c       0x20 C:\Users\Aluno\Documents\PSI3441\PSI3441\Atividade_7\260505-093159-zephyr-blink\.pio\build\frdm_kl25z\zephyr/kernel/libkernel.a(sched.c.o)
                0x000000000000365c                k_sched_lock
 .text.k_sched_unlock
                0x000000000000367c       0x60 C:\Users\Aluno\Documents\PSI3441\PSI3441\Atividade_7\260505-093159-zephyr-blink\.pio\build\frdm_kl25z\zephyr/kernel/libkernel.a(sched.c.o)
                0x000000000000367c                k_sched_unlock
 .text.z_sched_init
                0x00000000000036dc       0x14 C:\Users\Aluno\Documents\PSI3441\PSI3441\Atividade_7\260505-093159-zephyr-blink\.pio\build\frdm_kl25z\zephyr/kernel/libkernel.a(sched.c.o)
                0x00000000000036dc                z_sched_init
 .text.z_impl_k_yield
                0x00000000000036f0       0x84 C:\Users\Aluno\Documents\PSI3441\PSI3441\Atividade_7\260505-093159-zephyr-blink\.pio\build\frdm_kl25z\zephyr/kernel/libkernel.a(sched.c.o)
                0x00000000000036f0                z_impl_k_yield
 .text.z_tick_sleep
                0x0000000000003774       0x74 C:\Users\Aluno\Documents\PSI3441\PSI3441\Atividade_7\260505-093159-zephyr-blink\.pio\build\frdm_kl25z\zephyr/kernel/libkernel.a(sched.c.o)
 .text.z_impl_k_sleep
                0x00000000000037e8       0x4c C:\Users\Aluno\Documents\PSI3441\PSI3441\Atividade_7\260505-093159-zephyr-blink\.pio\build\frdm_kl25z\zephyr/kernel/libkernel.a(sched.c.o)
                0x00000000000037e8                z_impl_k_sleep
 .text.z_impl_k_wakeup
                0x0000000000003834       0x40 C:\Users\Aluno\Documents\PSI3441\PSI3441\Atividade_7\260505-093159-zephyr-blink\.pio\build\frdm_kl25z\zephyr/kernel/libkernel.a(sched.c.o)
                0x0000000000003834                z_impl_k_wakeup
 .text.z_impl_k_sched_current_thread_query
                0x0000000000003874        0xc C:\Users\Aluno\Documents\PSI3441\PSI3441\Atividade_7\260505-093159-zephyr-blink\.pio\build\frdm_kl25z\zephyr/kernel/libkernel.a(sched.c.o)
                0x0000000000003874                z_impl_k_sched_current_thread_query
 .text.z_thread_abort
                0x0000000000003880      0x128 C:\Users\Aluno\Documents\PSI3441\PSI3441\Atividade_7\260505-093159-zephyr-blink\.pio\build\frdm_kl25z\zephyr/kernel/libkernel.a(sched.c.o)
                0x0000000000003880                z_thread_abort
 .text.slice_timeout
                0x00000000000039a8       0x20 C:\Users\Aluno\Documents\PSI3441\PSI3441\Atividade_7\260505-093159-zephyr-blink\.pio\build\frdm_kl25z\zephyr/kernel/libkernel.a(timeslicing.c.o)
 .text.thread_is_sliceable
                0x00000000000039c8       0x40 C:\Users\Aluno\Documents\PSI3441\PSI3441\Atividade_7\260505-093159-zephyr-blink\.pio\build\frdm_kl25z\zephyr/kernel/libkernel.a(timeslicing.c.o)
                0x00000000000039c8                thread_is_sliceable
 .text.z_reset_time_slice
                0x0000000000003a08       0x4c C:\Users\Aluno\Documents\PSI3441\PSI3441\Atividade_7\260505-093159-zephyr-blink\.pio\build\frdm_kl25z\zephyr/kernel/libkernel.a(timeslicing.c.o)
                0x0000000000003a08                z_reset_time_slice
 .text.z_time_slice
                0x0000000000003a54       0x58 C:\Users\Aluno\Documents\PSI3441\PSI3441\Atividade_7\260505-093159-zephyr-blink\.pio\build\frdm_kl25z\zephyr/kernel/libkernel.a(timeslicing.c.o)
                0x0000000000003a54                z_time_slice
 .text.z_data_copy
                0x0000000000003aac       0x34 C:\Users\Aluno\Documents\PSI3441\PSI3441\Atividade_7\260505-093159-zephyr-blink\.pio\build\frdm_kl25z\zephyr/kernel/libkernel.a(xip.c.o)
                0x0000000000003aac                z_data_copy
 .text.first    0x0000000000003ae0       0x10 C:\Users\Aluno\Documents\PSI3441\PSI3441\Atividade_7\260505-093159-zephyr-blink\.pio\build\frdm_kl25z\zephyr/kernel/libkernel.a(timeout.c.o)
 .text.next_timeout
                0x0000000000003af0       0x38 C:\Users\Aluno\Documents\PSI3441\PSI3441\Atividade_7\260505-093159-zephyr-blink\.pio\build\frdm_kl25z\zephyr/kernel/libkernel.a(timeout.c.o)
 .text.elapsed  0x0000000000003b28       0x18 C:\Users\Aluno\Documents\PSI3441\PSI3441\Atividade_7\260505-093159-zephyr-blink\.pio\build\frdm_kl25z\zephyr/kernel/libkernel.a(timeout.c.o)
 .text.remove_timeout
                0x0000000000003b40       0x38 C:\Users\Aluno\Documents\PSI3441\PSI3441\Atividade_7\260505-093159-zephyr-blink\.pio\build\frdm_kl25z\zephyr/kernel/libkernel.a(timeout.c.o)
 .text.z_add_timeout
                0x0000000000003b78      0x120 C:\Users\Aluno\Documents\PSI3441\PSI3441\Atividade_7\260505-093159-zephyr-blink\.pio\build\frdm_kl25z\zephyr/kernel/libkernel.a(timeout.c.o)
                0x0000000000003b78                z_add_timeout
 .text.sys_clock_announce
                0x0000000000003c98       0xd0 C:\Users\Aluno\Documents\PSI3441\PSI3441\Atividade_7\260505-093159-zephyr-blink\.pio\build\frdm_kl25z\zephyr/kernel/libkernel.a(timeout.c.o)
                0x0000000000003c98                sys_clock_announce
 .text.sys_clock_tick_get
                0x0000000000003d68       0x30 C:\Users\Aluno\Documents\PSI3441\PSI3441\Atividade_7\260505-093159-zephyr-blink\.pio\build\frdm_kl25z\zephyr/kernel/libkernel.a(timeout.c.o)
                0x0000000000003d68                sys_clock_tick_get
 .text.z_timer_expiration_handler
                0x0000000000003d98      0x110 C:\Users\Aluno\Documents\PSI3441\PSI3441\Atividade_7\260505-093159-zephyr-blink\.pio\build\frdm_kl25z\zephyr/kernel/libkernel.a(timer.c.o)
                0x0000000000003d98                z_timer_expiration_handler
 .text.z_impl_k_timer_start
                0x0000000000003ea8       0x68 C:\Users\Aluno\Documents\PSI3441\PSI3441\Atividade_7\260505-093159-zephyr-blink\.pio\build\frdm_kl25z\zephyr/kernel/libkernel.a(timer.c.o)
                0x0000000000003ea8                z_impl_k_timer_start
 .text.boot_banner
                0x0000000000003f10       0x10 C:\Users\Aluno\Documents\PSI3441\PSI3441\Atividade_7\260505-093159-zephyr-blink\.pio\build\frdm_kl25z\zephyr/kernel/libkernel.a(banner.c.o)
                0x0000000000003f10                boot_banner
 .text.memcpy   0x0000000000003f20       0xa4 C:\Users\Aluno\.platformio\packages\toolchain-gccarmnoneeabi@1.80201.181220\arm-none-eabi\lib\thumb\v6-m\nofp\libc.a(lib_a-memcpy-stub.o)
                0x0000000000003f20                memcpy
 .text.memset   0x0000000000003fc4       0xa8 C:\Users\Aluno\.platformio\packages\toolchain-gccarmnoneeabi@1.80201.181220\arm-none-eabi\lib\thumb\v6-m\nofp\libc.a(lib_a-memset.o)
                0x0000000000003fc4                memset
 .text.strlen   0x000000000000406c       0x68 C:\Users\Aluno\.platformio\packages\toolchain-gccarmnoneeabi@1.80201.181220\arm-none-eabi\lib\thumb\v6-m\nofp\libc.a(lib_a-strlen-stub.o)
                0x000000000000406c                strlen
 .text.strnlen  0x00000000000040d4       0x2c C:\Users\Aluno\.platformio\packages\toolchain-gccarmnoneeabi@1.80201.181220\arm-none-eabi\lib\thumb\v6-m\nofp\libc.a(lib_a-strnlen.o)
                0x00000000000040d4                strnlen
 .text.__muldi3
                0x0000000000004100       0x54 c:/users/aluno/.platformio/packages/toolchain-gccarmnoneeabi@1.80201.181220/bin/../lib/gcc/arm-none-eabi/8.2.1/thumb/v6-m/nofp\libgcc.a(_muldi3.o)
                0x0000000000004100                __muldi3
                0x0000000000004100                __aeabi_lmul
 .text.__ffssi2
                0x0000000000004154       0x14 c:/users/aluno/.platformio/packages/toolchain-gccarmnoneeabi@1.80201.181220/bin/../lib/gcc/arm-none-eabi/8.2.1/thumb/v6-m/nofp\libgcc.a(_ffssi2.o)
                0x0000000000004154                __ffssi2
 .text.__udivmoddi4
                0x0000000000004168      0x1a4 c:/users/aluno/.platformio/packages/toolchain-gccarmnoneeabi@1.80201.181220/bin/../lib/gcc/arm-none-eabi/8.2.1/thumb/v6-m/nofp\libgcc.a(_udivmoddi4.o)
                0x0000000000004168                __udivmoddi4
 .text.main     0x000000000000430c        0x4 .pio\build\frdm_kl25z\src\main.o
                0x000000000000430c                main
 .text.arch_printk_char_out
                0x0000000000004310        0x4 C:\Users\Aluno\Documents\PSI3441\PSI3441\Atividade_7\260505-093159-zephyr-blink\.pio\build\frdm_kl25z\zephyr/libzephyr.a(printk.c.o)
                0x0000000000004310                arch_printk_char_out
 .text.printk   0x0000000000004314       0x16 C:\Users\Aluno\Documents\PSI3441\PSI3441\Atividade_7\260505-093159-zephyr-blink\.pio\build\frdm_kl25z\zephyr/libzephyr.a(printk.c.o)
                0x0000000000004314                printk
 .text.z_thread_entry
                0x000000000000432a       0x14 C:\Users\Aluno\Documents\PSI3441\PSI3441\Atividade_7\260505-093159-zephyr-blink\.pio\build\frdm_kl25z\zephyr/libzephyr.a(thread_entry.c.o)
                0x000000000000432a                z_thread_entry
 .text._get_digit
                0x000000000000433e       0x2c C:\Users\Aluno\Documents\PSI3441\PSI3441\Atividade_7\260505-093159-zephyr-blink\.pio\build\frdm_kl25z\zephyr/libzephyr.a(cbprintf_complete.c.o)
 .text.outs     0x000000000000436a       0x2c C:\Users\Aluno\Documents\PSI3441\PSI3441\Atividade_7\260505-093159-zephyr-blink\.pio\build\frdm_kl25z\zephyr/libzephyr.a(cbprintf_complete.c.o)
 .text._ConfigAbsSyms
                0x0000000000004396        0x2 C:\Users\Aluno\Documents\PSI3441\PSI3441\Atividade_7\260505-093159-zephyr-blink\.pio\build\frdm_kl25z\zephyr/libzephyr.a(configs.c.o)
                0x0000000000004396                _ConfigAbsSyms
 .text.soc_early_init_hook
                0x0000000000004398        0x8 C:\Users\Aluno\Documents\PSI3441\PSI3441\Atividade_7\260505-093159-zephyr-blink\.pio\build\frdm_kl25z\zephyr/libzephyr.a(soc.c.o)
                0x0000000000004398                soc_early_init_hook
 .text.soc_reset_hook
                0x00000000000043a0        0x8 C:\Users\Aluno\Documents\PSI3441\PSI3441\Atividade_7\260505-093159-zephyr-blink\.pio\build\frdm_kl25z\zephyr/libzephyr.a(soc.c.o)
                0x00000000000043a0                soc_reset_hook
 .text.z_arm_fatal_error
                0x00000000000043a8       0x10 C:\Users\Aluno\Documents\PSI3441\PSI3441\Atividade_7\260505-093159-zephyr-blink\.pio\build\frdm_kl25z\zephyr/arch/arch/arm/core/libarch__arm__core.a(fatal.c.o)
                0x00000000000043a8                z_arm_fatal_error
 .text.z_do_kernel_oops
                0x00000000000043b8        0xc C:\Users\Aluno\Documents\PSI3441\PSI3441\Atividade_7\260505-093159-zephyr-blink\.pio\build\frdm_kl25z\zephyr/arch/arch/arm/core/libarch__arm__core.a(fatal.c.o)
                0x00000000000043b8                z_do_kernel_oops
 .text.z_arm_nmi
                0x00000000000043c4        0xc C:\Users\Aluno\Documents\PSI3441\PSI3441\Atividade_7\260505-093159-zephyr-blink\.pio\build\frdm_kl25z\zephyr/arch/arch/arm/core/libarch__arm__core.a(nmi.c.o)
                0x00000000000043c4                z_arm_nmi
 .text.arm_irq_priority_set
                0x00000000000043d0        0xa C:\Users\Aluno\Documents\PSI3441\PSI3441\Atividade_7\260505-093159-zephyr-blink\.pio\build\frdm_kl25z\zephyr/arch/arch/arm/core/cortex_m/libarch__arm__core__cortex_m.a(irq_manage.c.o)
                0x00000000000043d0                arm_irq_priority_set
 .text.z_irq_spurious
                0x00000000000043da        0xc C:\Users\Aluno\Documents\PSI3441\PSI3441\Atividade_7\260505-093159-zephyr-blink\.pio\build\frdm_kl25z\zephyr/arch/arch/arm/core/cortex_m/libarch__arm__core__cortex_m.a(irq_manage.c.o)
                0x00000000000043da                z_irq_spurious
 .text.z_prep_c
                0x00000000000043e6       0x16 C:\Users\Aluno\Documents\PSI3441\PSI3441\Atividade_7\260505-093159-zephyr-blink\.pio\build\frdm_kl25z\zephyr/arch/arch/arm/core/cortex_m/libarch__arm__core__cortex_m.a(prep_c.c.o)
                0x00000000000043e6                z_prep_c
 .text.arch_irq_unlock_outlined
                0x00000000000043fc        0xc C:\Users\Aluno\Documents\PSI3441\PSI3441\Atividade_7\260505-093159-zephyr-blink\.pio\build\frdm_kl25z\zephyr/arch/arch/arm/core/cortex_m/libarch__arm__core__cortex_m.a(thread.c.o)
                0x00000000000043fc                arch_irq_unlock_outlined
 .text.arch_cpu_idle
                0x0000000000004408        0xe C:\Users\Aluno\Documents\PSI3441\PSI3441\Atividade_7\260505-093159-zephyr-blink\.pio\build\frdm_kl25z\zephyr/arch/arch/arm/core/cortex_m/libarch__arm__core__cortex_m.a(cpu_idle.c.o)
                0x0000000000004408                arch_cpu_idle
 .text._stdout_hook_default
                0x0000000000004416        0x6 C:\Users\Aluno\Documents\PSI3441\PSI3441\Atividade_7\260505-093159-zephyr-blink\.pio\build\frdm_kl25z\zephyr/lib/libc/newlib/liblib__libc__newlib.a(libc-hooks.c.o)
 .text.malloc_prepare
                0x000000000000441c        0x4 C:\Users\Aluno\Documents\PSI3441\PSI3441\Atividade_7\260505-093159-zephyr-blink\.pio\build\frdm_kl25z\zephyr/lib/libc/newlib/liblib__libc__newlib.a(libc-hooks.c.o)
 .text.mcux_adc16_channel_setup
                0x0000000000004420       0x1c C:\Users\Aluno\Documents\PSI3441\PSI3441\Atividade_7\260505-093159-zephyr-blink\.pio\build\frdm_kl25z\zephyr/drivers/adc/libdrivers__adc.a(adc_mcux_adc16.c.o)
 .text.mcux_adc16_start_channel
                0x000000000000443c       0x2a C:\Users\Aluno\Documents\PSI3441\PSI3441\Atividade_7\260505-093159-zephyr-blink\.pio\build\frdm_kl25z\zephyr/drivers/adc/libdrivers__adc.a(adc_mcux_adc16.c.o)
 .text.adc_context_start_sampling
                0x0000000000004466       0x1e C:\Users\Aluno\Documents\PSI3441\PSI3441\Atividade_7\260505-093159-zephyr-blink\.pio\build\frdm_kl25z\zephyr/drivers/adc/libdrivers__adc.a(adc_mcux_adc16.c.o)
 .text.mcux_adc16_config_func_0
                0x0000000000004484       0x14 C:\Users\Aluno\Documents\PSI3441\PSI3441\Atividade_7\260505-093159-zephyr-blink\.pio\build\frdm_kl25z\zephyr/drivers/adc/libdrivers__adc.a(adc_mcux_adc16.c.o)
 .text.mcux_adc16_isr
                0x0000000000004498       0xaa C:\Users\Aluno\Documents\PSI3441\PSI3441\Atividade_7\260505-093159-zephyr-blink\.pio\build\frdm_kl25z\zephyr/drivers/adc/libdrivers__adc.a(adc_mcux_adc16.c.o)
 .text.adc_context_on_timer_expired
                0x0000000000004542       0x20 C:\Users\Aluno\Documents\PSI3441\PSI3441\Atividade_7\260505-093159-zephyr-blink\.pio\build\frdm_kl25z\zephyr/drivers/adc/libdrivers__adc.a(adc_mcux_adc16.c.o)
 .text.mcux_adc16_init
                0x0000000000004562       0x82 C:\Users\Aluno\Documents\PSI3441\PSI3441\Atividade_7\260505-093159-zephyr-blink\.pio\build\frdm_kl25z\zephyr/drivers/adc/libdrivers__adc.a(adc_mcux_adc16.c.o)
 .text.mcux_adc16_read
                0x00000000000045e4      0x130 C:\Users\Aluno\Documents\PSI3441\PSI3441\Atividade_7\260505-093159-zephyr-blink\.pio\build\frdm_kl25z\zephyr/drivers/adc/libdrivers__adc.a(adc_mcux_adc16.c.o)
 .text.mcux_mcg_on
                0x0000000000004714        0x4 C:\Users\Aluno\Documents\PSI3441\PSI3441\Atividade_7\260505-093159-zephyr-blink\.pio\build\frdm_kl25z\zephyr/drivers/clock_control/libdrivers__clock_control.a(clock_control_mcux_mcg.c.o)
 .text.mcux_mcg_get_rate
                0x0000000000004718       0x24 C:\Users\Aluno\Documents\PSI3441\PSI3441\Atividade_7\260505-093159-zephyr-blink\.pio\build\frdm_kl25z\zephyr/drivers/clock_control/libdrivers__clock_control.a(clock_control_mcux_mcg.c.o)
 .text.mcux_mcg_off
                0x000000000000473c        0x4 C:\Users\Aluno\Documents\PSI3441\PSI3441\Atividade_7\260505-093159-zephyr-blink\.pio\build\frdm_kl25z\zephyr/drivers/clock_control/libdrivers__clock_control.a(clock_control_mcux_mcg.c.o)
 .text.mcux_sim_init
                0x0000000000004740        0x4 C:\Users\Aluno\Documents\PSI3441\PSI3441\Atividade_7\260505-093159-zephyr-blink\.pio\build\frdm_kl25z\zephyr/drivers/clock_control/libdrivers__clock_control.a(clock_control_mcux_sim.c.o)
 .text.gpio_mcux_port_get_raw
                0x0000000000004744        0xc C:\Users\Aluno\Documents\PSI3441\PSI3441\Atividade_7\260505-093159-zephyr-blink\.pio\build\frdm_kl25z\zephyr/drivers/gpio/libdrivers__gpio.a(gpio_mcux.c.o)
 .text.gpio_mcux_port_set_masked_raw
                0x0000000000004750       0x12 C:\Users\Aluno\Documents\PSI3441\PSI3441\Atividade_7\260505-093159-zephyr-blink\.pio\build\frdm_kl25z\zephyr/drivers/gpio/libdrivers__gpio.a(gpio_mcux.c.o)
 .text.gpio_mcux_port_set_bits_raw
                0x0000000000004762        0xa C:\Users\Aluno\Documents\PSI3441\PSI3441\Atividade_7\260505-093159-zephyr-blink\.pio\build\frdm_kl25z\zephyr/drivers/gpio/libdrivers__gpio.a(gpio_mcux.c.o)
 .text.gpio_mcux_port_clear_bits_raw
                0x000000000000476c        0xa C:\Users\Aluno\Documents\PSI3441\PSI3441\Atividade_7\260505-093159-zephyr-blink\.pio\build\frdm_kl25z\zephyr/drivers/gpio/libdrivers__gpio.a(gpio_mcux.c.o)
 .text.gpio_mcux_port_toggle_bits
                0x0000000000004776        0xa C:\Users\Aluno\Documents\PSI3441\PSI3441\Atividade_7\260505-093159-zephyr-blink\.pio\build\frdm_kl25z\zephyr/drivers/gpio/libdrivers__gpio.a(gpio_mcux.c.o)
 .text.gpio_mcux_manage_callback
                0x0000000000004780       0x5c C:\Users\Aluno\Documents\PSI3441\PSI3441\Atividade_7\260505-093159-zephyr-blink\.pio\build\frdm_kl25z\zephyr/drivers/gpio/libdrivers__gpio.a(gpio_mcux.c.o)
 .text.gpio_mcux_port_isr
                0x00000000000047dc       0x30 C:\Users\Aluno\Documents\PSI3441\PSI3441\Atividade_7\260505-093159-zephyr-blink\.pio\build\frdm_kl25z\zephyr/drivers/gpio/libdrivers__gpio.a(gpio_mcux.c.o)
 .text.gpio_mcux_port1_init
                0x000000000000480c        0x4 C:\Users\Aluno\Documents\PSI3441\PSI3441\Atividade_7\260505-093159-zephyr-blink\.pio\build\frdm_kl25z\zephyr/drivers/gpio/libdrivers__gpio.a(gpio_mcux.c.o)
 .text.gpio_mcux_port0_init
                0x0000000000004810       0x16 C:\Users\Aluno\Documents\PSI3441\PSI3441\Atividade_7\260505-093159-zephyr-blink\.pio\build\frdm_kl25z\zephyr/drivers/gpio/libdrivers__gpio.a(gpio_mcux.c.o)
 .text.gpio_mcux_port2_init
                0x0000000000004826       0x16 C:\Users\Aluno\Documents\PSI3441\PSI3441\Atividade_7\260505-093159-zephyr-blink\.pio\build\frdm_kl25z\zephyr/drivers/gpio/libdrivers__gpio.a(gpio_mcux.c.o)
 .text.i2c_mcux_config_func_0
                0x000000000000483c       0x14 C:\Users\Aluno\Documents\PSI3441\PSI3441\Atividade_7\260505-093159-zephyr-blink\.pio\build\frdm_kl25z\zephyr/drivers/i2c/libdrivers__i2c.a(i2c_mcux.c.o)
 .text.i2c_mcux_isr
                0x0000000000004850        0xe C:\Users\Aluno\Documents\PSI3441\PSI3441\Atividade_7\260505-093159-zephyr-blink\.pio\build\frdm_kl25z\zephyr/drivers/i2c/libdrivers__i2c.a(i2c_mcux.c.o)
 .text.i2c_mcux_master_transfer_callback
                0x000000000000485e        0xe C:\Users\Aluno\Documents\PSI3441\PSI3441\Atividade_7\260505-093159-zephyr-blink\.pio\build\frdm_kl25z\zephyr/drivers/i2c/libdrivers__i2c.a(i2c_mcux.c.o)
 .text.i2c_mcux_transfer
                0x000000000000486c       0xbe C:\Users\Aluno\Documents\PSI3441\PSI3441\Atividade_7\260505-093159-zephyr-blink\.pio\build\frdm_kl25z\zephyr/drivers/i2c/libdrivers__i2c.a(i2c_mcux.c.o)
 .text.pinctrl_lookup_state
                0x000000000000492a       0x28 C:\Users\Aluno\Documents\PSI3441\PSI3441\Atividade_7\260505-093159-zephyr-blink\.pio\build\frdm_kl25z\zephyr/drivers/pinctrl/libdrivers__pinctrl.a(common.c.o)
                0x000000000000492a                pinctrl_lookup_state
 .text.pinctrl_mcux_init
                0x0000000000004952       0x28 C:\Users\Aluno\Documents\PSI3441\PSI3441\Atividade_7\260505-093159-zephyr-blink\.pio\build\frdm_kl25z\zephyr/drivers/pinctrl/libdrivers__pinctrl.a(pinctrl_nxp_port.c.o)
 .text.z_impl_i2c_transfer
                0x000000000000497a       0x1a C:\Users\Aluno\Documents\PSI3441\PSI3441\Atividade_7\260505-093159-zephyr-blink\.pio\build\frdm_kl25z\zephyr/drivers/sensor/nxp/fxos8700/libdrivers__sensor__nxp__fxos8700.a(fxos8700.c.o)
 .text.gpio_pin_set_dt
                0x0000000000004994       0x2e C:\Users\Aluno\Documents\PSI3441\PSI3441\Atividade_7\260505-093159-zephyr-blink\.pio\build\frdm_kl25z\zephyr/drivers/sensor/nxp/fxos8700/libdrivers__sensor__nxp__fxos8700.a(fxos8700.c.o)
 .text.fxos8700_reg_field_update_i2c
                0x00000000000049c2       0x72 C:\Users\Aluno\Documents\PSI3441\PSI3441\Atividade_7\260505-093159-zephyr-blink\.pio\build\frdm_kl25z\zephyr/drivers/sensor/nxp/fxos8700/libdrivers__sensor__nxp__fxos8700.a(fxos8700.c.o)
                0x00000000000049c2                fxos8700_reg_field_update_i2c
 .text.fxos8700_byte_write_i2c
                0x0000000000004a34       0x22 C:\Users\Aluno\Documents\PSI3441\PSI3441\Atividade_7\260505-093159-zephyr-blink\.pio\build\frdm_kl25z\zephyr/drivers/sensor/nxp/fxos8700/libdrivers__sensor__nxp__fxos8700.a(fxos8700.c.o)
                0x0000000000004a34                fxos8700_byte_write_i2c
 .text.fxos8700_byte_read_i2c
                0x0000000000004a56       0x2e C:\Users\Aluno\Documents\PSI3441\PSI3441\Atividade_7\260505-093159-zephyr-blink\.pio\build\frdm_kl25z\zephyr/drivers/sensor/nxp/fxos8700/libdrivers__sensor__nxp__fxos8700.a(fxos8700.c.o)
                0x0000000000004a56                fxos8700_byte_read_i2c
 .text.fxos8700_read_i2c
                0x0000000000004a84       0x30 C:\Users\Aluno\Documents\PSI3441\PSI3441\Atividade_7\260505-093159-zephyr-blink\.pio\build\frdm_kl25z\zephyr/drivers/sensor/nxp/fxos8700/libdrivers__sensor__nxp__fxos8700.a(fxos8700.c.o)
                0x0000000000004a84                fxos8700_read_i2c
 .text.fxos8700_sample_fetch
                0x0000000000004ab4       0x6e C:\Users\Aluno\Documents\PSI3441\PSI3441\Atividade_7\260505-093159-zephyr-blink\.pio\build\frdm_kl25z\zephyr/drivers/sensor/nxp/fxos8700/libdrivers__sensor__nxp__fxos8700.a(fxos8700.c.o)
 .text.fxos8700_get_power
                0x0000000000004b22       0x28 C:\Users\Aluno\Documents\PSI3441\PSI3441\Atividade_7\260505-093159-zephyr-blink\.pio\build\frdm_kl25z\zephyr/drivers/sensor/nxp/fxos8700/libdrivers__sensor__nxp__fxos8700.a(fxos8700.c.o)
                0x0000000000004b22                fxos8700_get_power
 .text.fxos8700_set_power
                0x0000000000004b4a       0x12 C:\Users\Aluno\Documents\PSI3441\PSI3441\Atividade_7\260505-093159-zephyr-blink\.pio\build\frdm_kl25z\zephyr/drivers/sensor/nxp/fxos8700/libdrivers__sensor__nxp__fxos8700.a(fxos8700.c.o)
                0x0000000000004b4a                fxos8700_set_power
 .text.fxos8700_attr_set
                0x0000000000004b5c       0x18 C:\Users\Aluno\Documents\PSI3441\PSI3441\Atividade_7\260505-093159-zephyr-blink\.pio\build\frdm_kl25z\zephyr/drivers/sensor/nxp/fxos8700/libdrivers__sensor__nxp__fxos8700.a(fxos8700.c.o)
 .text.mcux_lpsci_poll_out
                0x0000000000004b74       0x18 C:\Users\Aluno\Documents\PSI3441\PSI3441\Atividade_7\260505-093159-zephyr-blink\.pio\build\frdm_kl25z\zephyr/drivers/serial/libdrivers__serial.a(uart_mcux_lpsci.c.o)
 .text.mcux_lpsci_poll_in
                0x0000000000004b8c       0x20 C:\Users\Aluno\Documents\PSI3441\PSI3441\Atividade_7\260505-093159-zephyr-blink\.pio\build\frdm_kl25z\zephyr/drivers/serial/libdrivers__serial.a(uart_mcux_lpsci.c.o)
 .text.mcux_lpsci_err_check
                0x0000000000004bac       0x2c C:\Users\Aluno\Documents\PSI3441\PSI3441\Atividade_7\260505-093159-zephyr-blink\.pio\build\frdm_kl25z\zephyr/drivers/serial/libdrivers__serial.a(uart_mcux_lpsci.c.o)
 .text.mcux_lpsci_init
                0x0000000000004bd8       0x6e C:\Users\Aluno\Documents\PSI3441\PSI3441\Atividade_7\260505-093159-zephyr-blink\.pio\build\frdm_kl25z\zephyr/drivers/serial/libdrivers__serial.a(uart_mcux_lpsci.c.o)
 .text.ADC16_GetDefaultConfig
                0x0000000000004c46       0x1e C:\Users\Aluno\Documents\PSI3441\PSI3441\Atividade_7\260505-093159-zephyr-blink\.pio\build\frdm_kl25z\modules/hal_nxp/libmodules__hal_nxp.a(fsl_adc16.c.o)
                0x0000000000004c46                ADC16_GetDefaultConfig
 .text.ADC16_SetChannelMuxMode
                0x0000000000004c64       0x14 C:\Users\Aluno\Documents\PSI3441\PSI3441\Atividade_7\260505-093159-zephyr-blink\.pio\build\frdm_kl25z\modules/hal_nxp/libmodules__hal_nxp.a(fsl_adc16.c.o)
                0x0000000000004c64                ADC16_SetChannelMuxMode
 .text.ADC16_SetHardwareAverage
                0x0000000000004c78       0x18 C:\Users\Aluno\Documents\PSI3441\PSI3441\Atividade_7\260505-093159-zephyr-blink\.pio\build\frdm_kl25z\modules/hal_nxp/libmodules__hal_nxp.a(fsl_adc16.c.o)
                0x0000000000004c78                ADC16_SetHardwareAverage
 .text.ADC16_GetStatusFlags
                0x0000000000004c90       0x14 C:\Users\Aluno\Documents\PSI3441\PSI3441\Atividade_7\260505-093159-zephyr-blink\.pio\build\frdm_kl25z\modules/hal_nxp/libmodules__hal_nxp.a(fsl_adc16.c.o)
                0x0000000000004c90                ADC16_GetStatusFlags
 .text.ADC16_DoAutoCalibration
                0x0000000000004ca4       0x98 C:\Users\Aluno\Documents\PSI3441\PSI3441\Atividade_7\260505-093159-zephyr-blink\.pio\build\frdm_kl25z\modules/hal_nxp/libmodules__hal_nxp.a(fsl_adc16.c.o)
                0x0000000000004ca4                ADC16_DoAutoCalibration
 .text.ADC16_SetChannelConfig
                0x0000000000004d3c       0x22 C:\Users\Aluno\Documents\PSI3441\PSI3441\Atividade_7\260505-093159-zephyr-blink\.pio\build\frdm_kl25z\modules/hal_nxp/libmodules__hal_nxp.a(fsl_adc16.c.o)
                0x0000000000004d3c                ADC16_SetChannelConfig
 .text.I2C_EnableInterrupts
                0x0000000000004d5e       0x1e C:\Users\Aluno\Documents\PSI3441\PSI3441\Atividade_7\260505-093159-zephyr-blink\.pio\build\frdm_kl25z\modules/hal_nxp/libmodules__hal_nxp.a(fsl_i2c.c.o)
                0x0000000000004d5e                I2C_EnableInterrupts
 .text.I2C_DisableInterrupts
                0x0000000000004d7c       0x1a C:\Users\Aluno\Documents\PSI3441\PSI3441\Atividade_7\260505-093159-zephyr-blink\.pio\build\frdm_kl25z\modules/hal_nxp/libmodules__hal_nxp.a(fsl_i2c.c.o)
                0x0000000000004d7c                I2C_DisableInterrupts
 .text.I2C_MasterStop
                0x0000000000004d96       0x14 C:\Users\Aluno\Documents\PSI3441\PSI3441\Atividade_7\260505-093159-zephyr-blink\.pio\build\frdm_kl25z\modules/hal_nxp/libmodules__hal_nxp.a(fsl_i2c.c.o)
                0x0000000000004d96                I2C_MasterStop
 .text.I2C_MasterGetStatusFlags
                0x0000000000004daa       0x14 C:\Users\Aluno\Documents\PSI3441\PSI3441\Atividade_7\260505-093159-zephyr-blink\.pio\build\frdm_kl25z\modules/hal_nxp/libmodules__hal_nxp.a(fsl_i2c.c.o)
                0x0000000000004daa                I2C_MasterGetStatusFlags
 .text.LPSCI_GetDefaultConfig
                0x0000000000004dbe       0x1c C:\Users\Aluno\Documents\PSI3441\PSI3441\Atividade_7\260505-093159-zephyr-blink\.pio\build\frdm_kl25z\modules/hal_nxp/libmodules__hal_nxp.a(fsl_lpsci.c.o)
                0x0000000000004dbe                LPSCI_GetDefaultConfig
 .text.LPSCI_GetStatusFlags
                0x0000000000004dda        0xa C:\Users\Aluno\Documents\PSI3441\PSI3441\Atividade_7\260505-093159-zephyr-blink\.pio\build\frdm_kl25z\modules/hal_nxp/libmodules__hal_nxp.a(fsl_lpsci.c.o)
                0x0000000000004dda                LPSCI_GetStatusFlags
 .text._OffsetAbsSyms
                0x0000000000004de4        0x2 C:\Users\Aluno\Documents\PSI3441\PSI3441\Atividade_7\260505-093159-zephyr-blink\.pio\build\frdm_kl25z\zephyr\liboffsets.a(offsets.c.o)
                0x0000000000004de4                _OffsetAbsSyms
 .text.z_impl_k_busy_wait
                0x0000000000004de6       0x1c C:\Users\Aluno\Documents\PSI3441\PSI3441\Atividade_7\260505-093159-zephyr-blink\.pio\build\frdm_kl25z\zephyr/kernel/libkernel.a(busy_wait.c.o)
                0x0000000000004de6                z_impl_k_busy_wait
 .text.z_device_state_init
                0x0000000000004e02        0x2 C:\Users\Aluno\Documents\PSI3441\PSI3441\Atividade_7\260505-093159-zephyr-blink\.pio\build\frdm_kl25z\zephyr/kernel/libkernel.a(device.c.o)
                0x0000000000004e02                z_device_state_init
 .text.z_impl_device_is_ready
                0x0000000000004e04       0x1a C:\Users\Aluno\Documents\PSI3441\PSI3441\Atividade_7\260505-093159-zephyr-blink\.pio\build\frdm_kl25z\zephyr/kernel/libkernel.a(device.c.o)
                0x0000000000004e04                z_impl_device_is_ready
 .text.arch_system_halt
                0x0000000000004e1e        0x8 C:\Users\Aluno\Documents\PSI3441\PSI3441\Atividade_7\260505-093159-zephyr-blink\.pio\build\frdm_kl25z\zephyr/kernel/libkernel.a(fatal.c.o)
                0x0000000000004e1e                arch_system_halt
 .text.k_sys_fatal_error_handler
                0x0000000000004e26        0x6 C:\Users\Aluno\Documents\PSI3441\PSI3441\Atividade_7\260505-093159-zephyr-blink\.pio\build\frdm_kl25z\zephyr/kernel/libkernel.a(fatal.c.o)
                0x0000000000004e26                k_sys_fatal_error_handler
 .text.do_device_init
                0x0000000000004e2c       0x30 C:\Users\Aluno\Documents\PSI3441\PSI3441\Atividade_7\260505-093159-zephyr-blink\.pio\build\frdm_kl25z\zephyr/kernel/libkernel.a(init.c.o)
 .text.z_early_memset
                0x0000000000004e5c        0x8 C:\Users\Aluno\Documents\PSI3441\PSI3441\Atividade_7\260505-093159-zephyr-blink\.pio\build\frdm_kl25z\zephyr/kernel/libkernel.a(init.c.o)
                0x0000000000004e5c                z_early_memset
 .text.z_early_memcpy
                0x0000000000004e64        0x8 C:\Users\Aluno\Documents\PSI3441\PSI3441\Atividade_7\260505-093159-zephyr-blink\.pio\build\frdm_kl25z\zephyr/kernel/libkernel.a(init.c.o)
                0x0000000000004e64                z_early_memcpy
 .text.idle     0x0000000000004e6c        0xe C:\Users\Aluno\Documents\PSI3441\PSI3441\Atividade_7\260505-093159-zephyr-blink\.pio\build\frdm_kl25z\zephyr/kernel/libkernel.a(idle.c.o)
                0x0000000000004e6c                idle
 .text.z_impl_k_sem_init
                0x0000000000004e7a       0x1a C:\Users\Aluno\Documents\PSI3441\PSI3441\Atividade_7\260505-093159-zephyr-blink\.pio\build\frdm_kl25z\zephyr/kernel/libkernel.a(sem.c.o)
                0x0000000000004e7a                z_impl_k_sem_init
 .text.sys_dlist_remove
                0x0000000000004e94       0x10 C:\Users\Aluno\Documents\PSI3441\PSI3441\Atividade_7\260505-093159-zephyr-blink\.pio\build\frdm_kl25z\zephyr/kernel/libkernel.a(sched.c.o)
 .text.unpend_thread_no_timeout
                0x0000000000004ea4       0x16 C:\Users\Aluno\Documents\PSI3441\PSI3441\Atividade_7\260505-093159-zephyr-blink\.pio\build\frdm_kl25z\zephyr/kernel/libkernel.a(sched.c.o)
 .text.add_to_waitq_locked
                0x0000000000004eba       0x58 C:\Users\Aluno\Documents\PSI3441\PSI3441\Atividade_7\260505-093159-zephyr-blink\.pio\build\frdm_kl25z\zephyr/kernel/libkernel.a(sched.c.o)
 .text.z_ready_thread
                0x0000000000004f12       0x18 C:\Users\Aluno\Documents\PSI3441\PSI3441\Atividade_7\260505-093159-zephyr-blink\.pio\build\frdm_kl25z\zephyr/kernel/libkernel.a(sched.c.o)
                0x0000000000004f12                z_ready_thread
 .text.z_unpend_thread_no_timeout
                0x0000000000004f2a       0x1e C:\Users\Aluno\Documents\PSI3441\PSI3441\Atividade_7\260505-093159-zephyr-blink\.pio\build\frdm_kl25z\zephyr/kernel/libkernel.a(sched.c.o)
                0x0000000000004f2a                z_unpend_thread_no_timeout
 .text.z_sched_wake_thread
                0x0000000000004f48       0x36 C:\Users\Aluno\Documents\PSI3441\PSI3441\Atividade_7\260505-093159-zephyr-blink\.pio\build\frdm_kl25z\zephyr/kernel/libkernel.a(sched.c.o)
                0x0000000000004f48                z_sched_wake_thread
 .text.z_thread_timeout
                0x0000000000004f7e        0xc C:\Users\Aluno\Documents\PSI3441\PSI3441\Atividade_7\260505-093159-zephyr-blink\.pio\build\frdm_kl25z\zephyr/kernel/libkernel.a(sched.c.o)
                0x0000000000004f7e                z_thread_timeout
 .text.z_unpend1_no_timeout
                0x0000000000004f8a       0x2a C:\Users\Aluno\Documents\PSI3441\PSI3441\Atividade_7\260505-093159-zephyr-blink\.pio\build\frdm_kl25z\zephyr/kernel/libkernel.a(sched.c.o)
                0x0000000000004f8a                z_unpend1_no_timeout
 .text.z_abort_timeout
                0x0000000000004fb4       0x4e C:\Users\Aluno\Documents\PSI3441\PSI3441\Atividade_7\260505-093159-zephyr-blink\.pio\build\frdm_kl25z\zephyr/kernel/libkernel.a(timeout.c.o)
                0x0000000000004fb4                z_abort_timeout
 .text.sys_clock_tick_get_32
                0x0000000000005002        0x8 C:\Users\Aluno\Documents\PSI3441\PSI3441\Atividade_7\260505-093159-zephyr-blink\.pio\build\frdm_kl25z\zephyr/kernel/libkernel.a(timeout.c.o)
                0x0000000000005002                sys_clock_tick_get_32
 .text.z_impl_k_uptime_ticks
                0x000000000000500a        0x8 C:\Users\Aluno\Documents\PSI3441\PSI3441\Atividade_7\260505-093159-zephyr-blink\.pio\build\frdm_kl25z\zephyr/kernel/libkernel.a(timeout.c.o)
                0x000000000000500a                z_impl_k_uptime_ticks
 .text.z_impl_k_timer_stop
                0x0000000000005012       0x32 C:\Users\Aluno\Documents\PSI3441\PSI3441\Atividade_7\260505-093159-zephyr-blink\.pio\build\frdm_kl25z\zephyr/kernel/libkernel.a(timer.c.o)
                0x0000000000005012                z_impl_k_timer_stop
 .text.z_impl_atomic_add
                0x0000000000005044       0x1a C:\Users\Aluno\Documents\PSI3441\PSI3441\Atividade_7\260505-093159-zephyr-blink\.pio\build\frdm_kl25z\zephyr/kernel/libkernel.a(atomic_c.c.o)
                0x0000000000005044                z_impl_atomic_add
 .text.z_impl_atomic_sub
                0x000000000000505e       0x1a C:\Users\Aluno\Documents\PSI3441\PSI3441\Atividade_7\260505-093159-zephyr-blink\.pio\build\frdm_kl25z\zephyr/kernel/libkernel.a(atomic_c.c.o)
                0x000000000000505e                z_impl_atomic_sub
 .text.z_impl_atomic_set
                0x0000000000005078       0x18 C:\Users\Aluno\Documents\PSI3441\PSI3441\Atividade_7\260505-093159-zephyr-blink\.pio\build\frdm_kl25z\zephyr/kernel/libkernel.a(atomic_c.c.o)
                0x0000000000005078                z_impl_atomic_set
 *(SORT_BY_ALIGNMENT(.TEXT.*))
 *(SORT_BY_ALIGNMENT(.gnu.linkonce.t.*))
 *(SORT_BY_ALIGNMENT(.glue_7t))
 .glue_7t       0x0000000000005090        0x0 linker stubs
 *(SORT_BY_ALIGNMENT(.glue_7))
 .glue_7        0x0000000000005090        0x0 linker stubs
 *(SORT_BY_ALIGNMENT(.vfp11_veneer))
 .vfp11_veneer  0x0000000000005090        0x0 linker stubs
 *(SORT_BY_ALIGNMENT(.v4_bx))
 .v4_bx         0x0000000000005090        0x0 linker stubs
                0x0000000000005090                . = ALIGN (0x4)
                0x0000000000005090                __text_region_end = .

.ARM.exidx      0x0000000000005090        0x8
                0x0000000000005090                __exidx_start = .
 *(SORT_BY_ALIGNMENT(.ARM.exidx*) SORT_BY_ALIGNMENT(gnu.linkonce.armexidx.*))
 .ARM.exidx.text.__udivmoddi4
                0x0000000000005090        0x8 c:/users/aluno/.platformio/packages/toolchain-gccarmnoneeabi@1.80201.181220/bin/../lib/gcc/arm-none-eabi/8.2.1/thumb/v6-m/nofp\libgcc.a(_udivmoddi4.o)
                0x0000000000005098                __exidx_end = .
                0x0000000000005098                __rodata_region_start = .

initlevel       0x0000000000005098       0x88
                0x0000000000005098                __init_start = .
                0x0000000000005098                __init_EARLY_start = .
 *(SORT_BY_NAME(SORT_BY_ALIGNMENT(.z_init_EARLY_P_?_*)))
 *(SORT_BY_NAME(SORT_BY_ALIGNMENT(.z_init_EARLY_P_??_*)))
 *(SORT_BY_NAME(SORT_BY_ALIGNMENT(.z_init_EARLY_P_???_*)))
                0x0000000000005098                __init_PRE_KERNEL_1_start = .
 *(SORT_BY_NAME(SORT_BY_ALIGNMENT(.z_init_PRE_KERNEL_1_P_?_*)))
 *(SORT_BY_NAME(SORT_BY_ALIGNMENT(.z_init_PRE_KERNEL_1_P_??_*)))
 .z_init_PRE_KERNEL_1_P_30_SUB_00009_
                0x0000000000005098        0x8 C:\Users\Aluno\Documents\PSI3441\PSI3441\Atividade_7\260505-093159-zephyr-blink\.pio\build\frdm_kl25z\zephyr/drivers/clock_control/libdrivers__clock_control.a(clock_control_mcux_sim.c.o)
 .z_init_PRE_KERNEL_1_P_30_SUB_00043_
                0x00000000000050a0        0x8 C:\Users\Aluno\Documents\PSI3441\PSI3441\Atividade_7\260505-093159-zephyr-blink\.pio\build\frdm_kl25z\zephyr/drivers/clock_control/libdrivers__clock_control.a(clock_control_mcux_mcg.c.o)
 .z_init_PRE_KERNEL_1_P_40_SUB_00010_
                0x00000000000050a8        0x8 C:\Users\Aluno\Documents\PSI3441\PSI3441\Atividade_7\260505-093159-zephyr-blink\.pio\build\frdm_kl25z\zephyr/drivers/pinctrl/libdrivers__pinctrl.a(pinctrl_nxp_port.c.o)
 .z_init_PRE_KERNEL_1_P_40_SUB_00015_
                0x00000000000050b0        0x8 C:\Users\Aluno\Documents\PSI3441\PSI3441\Atividade_7\260505-093159-zephyr-blink\.pio\build\frdm_kl25z\zephyr/drivers/pinctrl/libdrivers__pinctrl.a(pinctrl_nxp_port.c.o)
 .z_init_PRE_KERNEL_1_P_40_SUB_00017_
                0x00000000000050b8        0x8 C:\Users\Aluno\Documents\PSI3441\PSI3441\Atividade_7\260505-093159-zephyr-blink\.pio\build\frdm_kl25z\zephyr/drivers/pinctrl/libdrivers__pinctrl.a(pinctrl_nxp_port.c.o)
 .z_init_PRE_KERNEL_1_P_40_SUB_00031_
                0x00000000000050c0        0x8 C:\Users\Aluno\Documents\PSI3441\PSI3441\Atividade_7\260505-093159-zephyr-blink\.pio\build\frdm_kl25z\zephyr/drivers/pinctrl/libdrivers__pinctrl.a(pinctrl_nxp_port.c.o)
 .z_init_PRE_KERNEL_1_P_40_SUB_00033_
                0x00000000000050c8        0x8 C:\Users\Aluno\Documents\PSI3441\PSI3441\Atividade_7\260505-093159-zephyr-blink\.pio\build\frdm_kl25z\zephyr/drivers/pinctrl/libdrivers__pinctrl.a(pinctrl_nxp_port.c.o)
 .z_init_PRE_KERNEL_1_P_50_SUB_00037_
                0x00000000000050d0        0x8 C:\Users\Aluno\Documents\PSI3441\PSI3441\Atividade_7\260505-093159-zephyr-blink\.pio\build\frdm_kl25z\zephyr/drivers/serial/libdrivers__serial.a(uart_mcux_lpsci.c.o)
 .z_init_PRE_KERNEL_1_P_60_SUB_0_
                0x00000000000050d8        0x8 C:\Users\Aluno\Documents\PSI3441\PSI3441\Atividade_7\260505-093159-zephyr-blink\.pio\build\frdm_kl25z\zephyr/drivers/console/libdrivers__console.a(uart_console.c.o)
 *(SORT_BY_NAME(SORT_BY_ALIGNMENT(.z_init_PRE_KERNEL_1_P_???_*)))
                0x00000000000050e0                __init_PRE_KERNEL_2_start = .
 *(SORT_BY_NAME(SORT_BY_ALIGNMENT(.z_init_PRE_KERNEL_2_P_?_*)))
 .z_init_PRE_KERNEL_2_P_0_SUB_0_
                0x00000000000050e0        0x8 C:\Users\Aluno\Documents\PSI3441\PSI3441\Atividade_7\260505-093159-zephyr-blink\.pio\build\frdm_kl25z\zephyr/drivers/timer/libdrivers__timer.a(cortex_m_systick.c.o)
 *(SORT_BY_NAME(SORT_BY_ALIGNMENT(.z_init_PRE_KERNEL_2_P_??_*)))
 *(SORT_BY_NAME(SORT_BY_ALIGNMENT(.z_init_PRE_KERNEL_2_P_???_*)))
                0x00000000000050e8                __init_POST_KERNEL_start = .
 *(SORT_BY_NAME(SORT_BY_ALIGNMENT(.z_init_POST_KERNEL_P_?_*)))
 *(SORT_BY_NAME(SORT_BY_ALIGNMENT(.z_init_POST_KERNEL_P_??_*)))
 .z_init_POST_KERNEL_P_35_SUB_0_
                0x00000000000050e8        0x8 C:\Users\Aluno\Documents\PSI3441\PSI3441\Atividade_7\260505-093159-zephyr-blink\.pio\build\frdm_kl25z\zephyr/lib/libc/newlib/liblib__libc__newlib.a(libc-hooks.c.o)
 .z_init_POST_KERNEL_P_40_SUB_00011_
                0x00000000000050f0        0x8 C:\Users\Aluno\Documents\PSI3441\PSI3441\Atividade_7\260505-093159-zephyr-blink\.pio\build\frdm_kl25z\zephyr/drivers/gpio/libdrivers__gpio.a(gpio_mcux.c.o)
 .z_init_POST_KERNEL_P_40_SUB_00016_
                0x00000000000050f8        0x8 C:\Users\Aluno\Documents\PSI3441\PSI3441\Atividade_7\260505-093159-zephyr-blink\.pio\build\frdm_kl25z\zephyr/drivers/gpio/libdrivers__gpio.a(gpio_mcux.c.o)
 .z_init_POST_KERNEL_P_40_SUB_00018_
                0x0000000000005100        0x8 C:\Users\Aluno\Documents\PSI3441\PSI3441\Atividade_7\260505-093159-zephyr-blink\.pio\build\frdm_kl25z\zephyr/drivers/gpio/libdrivers__gpio.a(gpio_mcux.c.o)
 .z_init_POST_KERNEL_P_50_SUB_00030_
                0x0000000000005108        0x8 C:\Users\Aluno\Documents\PSI3441\PSI3441\Atividade_7\260505-093159-zephyr-blink\.pio\build\frdm_kl25z\zephyr/drivers/adc/libdrivers__adc.a(adc_mcux_adc16.c.o)
 .z_init_POST_KERNEL_P_50_SUB_00041_
                0x0000000000005110        0x8 C:\Users\Aluno\Documents\PSI3441\PSI3441\Atividade_7\260505-093159-zephyr-blink\.pio\build\frdm_kl25z\zephyr/drivers/i2c/libdrivers__i2c.a(i2c_mcux.c.o)
 .z_init_POST_KERNEL_P_90_SUB_00042_
                0x0000000000005118        0x8 C:\Users\Aluno\Documents\PSI3441\PSI3441\Atividade_7\260505-093159-zephyr-blink\.pio\build\frdm_kl25z\zephyr/drivers/sensor/nxp/fxos8700/libdrivers__sensor__nxp__fxos8700.a(fxos8700.c.o)
 *(SORT_BY_NAME(SORT_BY_ALIGNMENT(.z_init_POST_KERNEL_P_???_*)))
                0x0000000000005120                __init_APPLICATION_start = .
 *(SORT_BY_NAME(SORT_BY_ALIGNMENT(.z_init_APPLICATION_P_?_*)))
 *(SORT_BY_NAME(SORT_BY_ALIGNMENT(.z_init_APPLICATION_P_??_*)))
 *(SORT_BY_NAME(SORT_BY_ALIGNMENT(.z_init_APPLICATION_P_???_*)))
                0x0000000000005120                __init_SMP_start = .
 *(SORT_BY_NAME(SORT_BY_ALIGNMENT(.z_init_SMP_P_?_*)))
 *(SORT_BY_NAME(SORT_BY_ALIGNMENT(.z_init_SMP_P_??_*)))
 *(SORT_BY_NAME(SORT_BY_ALIGNMENT(.z_init_SMP_P_???_*)))
                0x0000000000005120                __init_end = .

device_area     0x0000000000005120      0x1c0
                0x0000000000005120                _device_list_start = .
 *(SORT_BY_NAME(SORT_BY_ALIGNMENT(._device.static.*_?_*)))
 *(SORT_BY_NAME(SORT_BY_ALIGNMENT(._device.static.*_??_*)))
 ._device.static.1_30_
                0x0000000000005120       0x20 C:\Users\Aluno\Documents\PSI3441\PSI3441\Atividade_7\260505-093159-zephyr-blink\.pio\build\frdm_kl25z\zephyr/drivers/clock_control/libdrivers__clock_control.a(clock_control_mcux_mcg.c.o)
                0x0000000000005120                __device_dts_ord_43
 ._device.static.1_30_
                0x0000000000005140       0x20 C:\Users\Aluno\Documents\PSI3441\PSI3441\Atividade_7\260505-093159-zephyr-blink\.pio\build\frdm_kl25z\zephyr/drivers/clock_control/libdrivers__clock_control.a(clock_control_mcux_sim.c.o)
                0x0000000000005140                __device_dts_ord_9
 ._device.static.1_40_
                0x0000000000005160       0xa0 C:\Users\Aluno\Documents\PSI3441\PSI3441\Atividade_7\260505-093159-zephyr-blink\.pio\build\frdm_kl25z\zephyr/drivers/pinctrl/libdrivers__pinctrl.a(pinctrl_nxp_port.c.o)
                0x0000000000005160                __device_dts_ord_33
                0x0000000000005180                __device_dts_ord_17
                0x00000000000051a0                __device_dts_ord_31
                0x00000000000051c0                __device_dts_ord_15
                0x00000000000051e0                __device_dts_ord_10
 ._device.static.1_50_
                0x0000000000005200       0x20 C:\Users\Aluno\Documents\PSI3441\PSI3441\Atividade_7\260505-093159-zephyr-blink\.pio\build\frdm_kl25z\zephyr/drivers/serial/libdrivers__serial.a(uart_mcux_lpsci.c.o)
                0x0000000000005200                __device_dts_ord_37
 ._device.static.3_40_
                0x0000000000005220       0x60 C:\Users\Aluno\Documents\PSI3441\PSI3441\Atividade_7\260505-093159-zephyr-blink\.pio\build\frdm_kl25z\zephyr/drivers/gpio/libdrivers__gpio.a(gpio_mcux.c.o)
                0x0000000000005220                __device_dts_ord_18
                0x0000000000005240                __device_dts_ord_16
                0x0000000000005260                __device_dts_ord_11
 ._device.static.3_50_
                0x0000000000005280       0x20 C:\Users\Aluno\Documents\PSI3441\PSI3441\Atividade_7\260505-093159-zephyr-blink\.pio\build\frdm_kl25z\zephyr/drivers/adc/libdrivers__adc.a(adc_mcux_adc16.c.o)
                0x0000000000005280                __device_dts_ord_30
 ._device.static.3_50_
                0x00000000000052a0       0x20 C:\Users\Aluno\Documents\PSI3441\PSI3441\Atividade_7\260505-093159-zephyr-blink\.pio\build\frdm_kl25z\zephyr/drivers/i2c/libdrivers__i2c.a(i2c_mcux.c.o)
                0x00000000000052a0                __device_dts_ord_41
 ._device.static.3_90_
                0x00000000000052c0       0x20 C:\Users\Aluno\Documents\PSI3441\PSI3441\Atividade_7\260505-093159-zephyr-blink\.pio\build\frdm_kl25z\zephyr/drivers/sensor/nxp/fxos8700/libdrivers__sensor__nxp__fxos8700.a(fxos8700.c.o)
                0x00000000000052c0                __device_dts_ord_42
 *(SORT_BY_NAME(SORT_BY_ALIGNMENT(._device.static.*_???_*)))
 *(SORT_BY_NAME(SORT_BY_ALIGNMENT(._device.static.*_????_*)))
 *(SORT_BY_NAME(SORT_BY_ALIGNMENT(._device.static.*_?????_*)))
                0x00000000000052e0                _device_list_end = .

initlevel_error
                0x0000000000005098        0x0
 *(SORT_BY_NAME(SORT_BY_ALIGNMENT(.z_init_*)))
                0x0000000000000001                ASSERT ((SIZEOF (initlevel_error) == 0x0), Undefined initialization levels used.)

app_shmem_regions
                0x00000000000052e0        0x0
                0x00000000000052e0                __app_shmem_regions_start = .
 *(SORT_BY_NAME(SORT_BY_ALIGNMENT(.app_regions.*)))
                0x00000000000052e0                __app_shmem_regions_end = .

k_p4wq_initparam_area
                0x00000000000052e0        0x0
                0x00000000000052e0                _k_p4wq_initparam_list_start = .
 *(SORT_BY_NAME(SORT_BY_ALIGNMENT(._k_p4wq_initparam.static.*)))
                0x00000000000052e0                _k_p4wq_initparam_list_end = .

_static_thread_data_area
                0x00000000000052e0       0x60
                0x00000000000052e0                __static_thread_data_list_start = .
 *(SORT_BY_NAME(SORT_BY_ALIGNMENT(.__static_thread_data.static.*)))
 .__static_thread_data.static._k_thread_data_cliente_thread_
                0x00000000000052e0       0x30 .pio\build\frdm_kl25z\src\main.o
                0x00000000000052e0                _k_thread_data_cliente_thread
 .__static_thread_data.static._k_thread_data_padeiro_thread_
                0x0000000000005310       0x30 .pio\build\frdm_kl25z\src\main.o
                0x0000000000005310                _k_thread_data_padeiro_thread
                0x0000000000005340                __static_thread_data_list_end = .

device_deps     0x0000000000005340        0x0
                0x0000000000005340                __device_deps_start = .
 *(SORT_BY_NAME(SORT_BY_ALIGNMENT(.__device_deps_pass2*)))
                0x0000000000005340                __device_deps_end = .

adc_driver_api_area
                0x0000000000005340        0xc
                0x0000000000005340                _adc_driver_api_list_start = .
 *(SORT_BY_NAME(SORT_BY_ALIGNMENT(._adc_driver_api.static.*)))
 ._adc_driver_api.static.mcux_adc16_driver_api_
                0x0000000000005340        0xc C:\Users\Aluno\Documents\PSI3441\PSI3441\Atividade_7\260505-093159-zephyr-blink\.pio\build\frdm_kl25z\zephyr/drivers/adc/libdrivers__adc.a(adc_mcux_adc16.c.o)
                0x000000000000534c                _adc_driver_api_list_end = .

gpio_driver_api_area
                0x000000000000534c       0x24
                0x000000000000534c                _gpio_driver_api_list_start = .
 *(SORT_BY_NAME(SORT_BY_ALIGNMENT(._gpio_driver_api.static.*)))
 ._gpio_driver_api.static.gpio_mcux_driver_api_
                0x000000000000534c       0x24 C:\Users\Aluno\Documents\PSI3441\PSI3441\Atividade_7\260505-093159-zephyr-blink\.pio\build\frdm_kl25z\zephyr/drivers/gpio/libdrivers__gpio.a(gpio_mcux.c.o)
                0x0000000000005370                _gpio_driver_api_list_end = .

i2c_driver_api_area
                0x0000000000005370       0x18
                0x0000000000005370                _i2c_driver_api_list_start = .
 *(SORT_BY_NAME(SORT_BY_ALIGNMENT(._i2c_driver_api.static.*)))
 ._i2c_driver_api.static.i2c_mcux_driver_api_
                0x0000000000005370       0x18 C:\Users\Aluno\Documents\PSI3441\PSI3441\Atividade_7\260505-093159-zephyr-blink\.pio\build\frdm_kl25z\zephyr/drivers/i2c/libdrivers__i2c.a(i2c_mcux.c.o)
                0x0000000000005388                _i2c_driver_api_list_end = .

i2c_target_driver_api_area
                0x0000000000005388        0x0
                0x0000000000005388                _i2c_target_driver_api_list_start = .
 *(SORT_BY_NAME(SORT_BY_ALIGNMENT(._i2c_target_driver_api.static.*)))
                0x0000000000005388                _i2c_target_driver_api_list_end = .

sensor_driver_api_area
                0x0000000000005388       0x1c
                0x0000000000005388                _sensor_driver_api_list_start = .
 *(SORT_BY_NAME(SORT_BY_ALIGNMENT(._sensor_driver_api.static.*)))
 ._sensor_driver_api.static.fxos8700_driver_api_
                0x0000000000005388       0x1c C:\Users\Aluno\Documents\PSI3441\PSI3441\Atividade_7\260505-093159-zephyr-blink\.pio\build\frdm_kl25z\zephyr/drivers/sensor/nxp/fxos8700/libdrivers__sensor__nxp__fxos8700.a(fxos8700.c.o)
                0x00000000000053a4                _sensor_driver_api_list_end = .

shared_irq_driver_api_area
                0x00000000000053a4        0x0
                0x00000000000053a4                _shared_irq_driver_api_list_start = .
 *(SORT_BY_NAME(SORT_BY_ALIGNMENT(._shared_irq_driver_api.static.*)))
                0x00000000000053a4                _shared_irq_driver_api_list_end = .

crypto_driver_api_area
                0x00000000000053a4        0x0
                0x00000000000053a4                _crypto_driver_api_list_start = .
 *(SORT_BY_NAME(SORT_BY_ALIGNMENT(._crypto_driver_api.static.*)))
                0x00000000000053a4                _crypto_driver_api_list_end = .

auxdisplay_driver_api_area
                0x00000000000053a4        0x0
                0x00000000000053a4                _auxdisplay_driver_api_list_start = .
 *(SORT_BY_NAME(SORT_BY_ALIGNMENT(._auxdisplay_driver_api.static.*)))
                0x00000000000053a4                _auxdisplay_driver_api_list_end = .

bbram_driver_api_area
                0x00000000000053a4        0x0
                0x00000000000053a4                _bbram_driver_api_list_start = .
 *(SORT_BY_NAME(SORT_BY_ALIGNMENT(._bbram_driver_api.static.*)))
                0x00000000000053a4                _bbram_driver_api_list_end = .

bt_hci_driver_api_area
                0x00000000000053a4        0x0
                0x00000000000053a4                _bt_hci_driver_api_list_start = .
 *(SORT_BY_NAME(SORT_BY_ALIGNMENT(._bt_hci_driver_api.static.*)))
                0x00000000000053a4                _bt_hci_driver_api_list_end = .

can_driver_api_area
                0x00000000000053a4        0x0
                0x00000000000053a4                _can_driver_api_list_start = .
 *(SORT_BY_NAME(SORT_BY_ALIGNMENT(._can_driver_api.static.*)))
                0x00000000000053a4                _can_driver_api_list_end = .

cellular_driver_api_area
                0x00000000000053a4        0x0
                0x00000000000053a4                _cellular_driver_api_list_start = .
 *(SORT_BY_NAME(SORT_BY_ALIGNMENT(._cellular_driver_api.static.*)))
                0x00000000000053a4                _cellular_driver_api_list_end = .

charger_driver_api_area
                0x00000000000053a4        0x0
                0x00000000000053a4                _charger_driver_api_list_start = .
 *(SORT_BY_NAME(SORT_BY_ALIGNMENT(._charger_driver_api.static.*)))
                0x00000000000053a4                _charger_driver_api_list_end = .

clock_control_driver_api_area
                0x00000000000053a4       0x38
                0x00000000000053a4                _clock_control_driver_api_list_start = .
 *(SORT_BY_NAME(SORT_BY_ALIGNMENT(._clock_control_driver_api.static.*)))
 ._clock_control_driver_api.static.mcux_mcg_driver_api_
                0x00000000000053a4       0x1c C:\Users\Aluno\Documents\PSI3441\PSI3441\Atividade_7\260505-093159-zephyr-blink\.pio\build\frdm_kl25z\zephyr/drivers/clock_control/libdrivers__clock_control.a(clock_control_mcux_mcg.c.o)
 ._clock_control_driver_api.static.mcux_sim_driver_api_
                0x00000000000053c0       0x1c C:\Users\Aluno\Documents\PSI3441\PSI3441\Atividade_7\260505-093159-zephyr-blink\.pio\build\frdm_kl25z\zephyr/drivers/clock_control/libdrivers__clock_control.a(clock_control_mcux_sim.c.o)
                0x00000000000053dc                _clock_control_driver_api_list_end = .

comparator_driver_api_area
                0x00000000000053dc        0x0
                0x00000000000053dc                _comparator_driver_api_list_start = .
 *(SORT_BY_NAME(SORT_BY_ALIGNMENT(._comparator_driver_api.static.*)))
                0x00000000000053dc                _comparator_driver_api_list_end = .

coredump_driver_api_area
                0x00000000000053dc        0x0
                0x00000000000053dc                _coredump_driver_api_list_start = .
 *(SORT_BY_NAME(SORT_BY_ALIGNMENT(._coredump_driver_api.static.*)))
                0x00000000000053dc                _coredump_driver_api_list_end = .

counter_driver_api_area
                0x00000000000053dc        0x0
                0x00000000000053dc                _counter_driver_api_list_start = .
 *(SORT_BY_NAME(SORT_BY_ALIGNMENT(._counter_driver_api.static.*)))
                0x00000000000053dc                _counter_driver_api_list_end = .

dac_driver_api_area
                0x00000000000053dc        0x0
                0x00000000000053dc                _dac_driver_api_list_start = .
 *(SORT_BY_NAME(SORT_BY_ALIGNMENT(._dac_driver_api.static.*)))
                0x00000000000053dc                _dac_driver_api_list_end = .

dai_driver_api_area
                0x00000000000053dc        0x0
                0x00000000000053dc                _dai_driver_api_list_start = .
 *(SORT_BY_NAME(SORT_BY_ALIGNMENT(._dai_driver_api.static.*)))
                0x00000000000053dc                _dai_driver_api_list_end = .

display_driver_api_area
                0x00000000000053dc        0x0
                0x00000000000053dc                _display_driver_api_list_start = .
 *(SORT_BY_NAME(SORT_BY_ALIGNMENT(._display_driver_api.static.*)))
                0x00000000000053dc                _display_driver_api_list_end = .

dma_driver_api_area
                0x00000000000053dc        0x0
                0x00000000000053dc                _dma_driver_api_list_start = .
 *(SORT_BY_NAME(SORT_BY_ALIGNMENT(._dma_driver_api.static.*)))
                0x00000000000053dc                _dma_driver_api_list_end = .

edac_driver_api_area
                0x00000000000053dc        0x0
                0x00000000000053dc                _edac_driver_api_list_start = .
 *(SORT_BY_NAME(SORT_BY_ALIGNMENT(._edac_driver_api.static.*)))
                0x00000000000053dc                _edac_driver_api_list_end = .

eeprom_driver_api_area
                0x00000000000053dc        0x0
                0x00000000000053dc                _eeprom_driver_api_list_start = .
 *(SORT_BY_NAME(SORT_BY_ALIGNMENT(._eeprom_driver_api.static.*)))
                0x00000000000053dc                _eeprom_driver_api_list_end = .

emul_bbram_driver_api_area
                0x00000000000053dc        0x0
                0x00000000000053dc                _emul_bbram_driver_api_list_start = .
 *(SORT_BY_NAME(SORT_BY_ALIGNMENT(._emul_bbram_driver_api.static.*)))
                0x00000000000053dc                _emul_bbram_driver_api_list_end = .

fuel_gauge_emul_driver_api_area
                0x00000000000053dc        0x0
                0x00000000000053dc                _fuel_gauge_emul_driver_api_list_start = .
 *(SORT_BY_NAME(SORT_BY_ALIGNMENT(._fuel_gauge_emul_driver_api.static.*)))
                0x00000000000053dc                _fuel_gauge_emul_driver_api_list_end = .

emul_sensor_driver_api_area
                0x00000000000053dc        0x0
                0x00000000000053dc                _emul_sensor_driver_api_list_start = .
 *(SORT_BY_NAME(SORT_BY_ALIGNMENT(._emul_sensor_driver_api.static.*)))
                0x00000000000053dc                _emul_sensor_driver_api_list_end = .

entropy_driver_api_area
                0x00000000000053dc        0x0
                0x00000000000053dc                _entropy_driver_api_list_start = .
 *(SORT_BY_NAME(SORT_BY_ALIGNMENT(._entropy_driver_api.static.*)))
                0x00000000000053dc                _entropy_driver_api_list_end = .

espi_driver_api_area
                0x00000000000053dc        0x0