The target system is: Generic - 4.2.0 - arm
The host system is: Windows - 10.0.19045 - AMD64
Compiling the C compiler identification source file "CMakeCCompilerId.c" succeeded.
Compiler: C:/Users/Aluno/.platformio/packages/toolchain-gccarmnoneeabi@1.80201.181220/bin/arm-none-eabi-gcc.exe 
Build flags: 
Id flags: -c 

The output was:
0


Compilation of the C compiler identification source "CMakeCCompilerId.c" produced "CMakeCCompilerId.o"

The C compiler identification is GNU, found in "C:/Users/Aluno/Documents/PSI3441/PSI3441/Atividade_7/260505-093159-zephyr-blink/.pio/build/frdm_kl25z/CMakeFiles/3.21.3/CompilerIdC/CMakeCCompilerId.o"

Compiling the CXX compiler identification source file "CMakeCXXCompilerId.cpp" succeeded.
Compiler: C:/Users/Aluno/.platformio/packages/toolchain-gccarmnoneeabi@1.80201.181220/bin/arm-none-eabi-gcc.exe 
Build flags: 
Id flags: -c 

The output was:
0


Compilation of the CXX compiler identification source "CMakeCXXCompilerId.cpp" produced "CMakeCXXCompilerId.o"

The CXX compiler identification is GNU, found in "C:/Users/Aluno/Documents/PSI3441/PSI3441/Atividade_7/260505-093159-zephyr-blink/.pio/build/frdm_kl25z/CMakeFiles/3.21.3/CompilerIdCXX/CMakeCXXCompilerId.o"

Checking whether the ASM compiler is GNU using "--version" matched "(GNU assembler)|(GCC)|(Free Software Foundation)":
arm-none-eabi-gcc.exe (GNU MCU Eclipse ARM Embedded GCC, 64-bit) 8.2.1 20181213 (release) [gcc-8-branch revision 267074]
Copyright (C) 2018 Free Software Foundation, Inc.
This is free software; see the source for copying conditions.  There is NO
warranty; not even for MERCHANTABILITY or FITNESS FOR A PARTICULAR PURPOSE.

Performing C SOURCE FILE Test check_fmacro_prefix_map_C__Users_Aluno_Documents_PSI3441_PSI3441_Atividade_7_260505_093159_zephyr_blink_zephyr_CMAKE_SOURCE_DIR_C__nostartfiles__nostdlib__isystem__c__users_aluno__platformio_packages_toolchain_gccarmnoneeabi_1_80201_181220_bin____lib_gcc_arm_none_eabi_8_2_1_include___isystem__c__users_aluno__platformio_packages_toolchain_gccarmnoneeabi_1_80201_181220_bin____lib_gcc_arm_none_eabi_8_2_1_include_fixed___Wl___unresolved_symbols_ignore_in_object_files__Wl___entry_0__fuse_ld_bfd succeeded with the following output:
Change Dir: C:/Users/Aluno/Documents/PSI3441/PSI3441/Atividade_7/260505-093159-zephyr-blink/.pio/build/frdm_kl25z/CMakeFiles/CMakeTmp

Run Build Command(s):C:/Users/Aluno/.platformio/packages/tool-ninja/ninja.exe cmTC_1a91b && [1/2] Building C object CMakeFiles/cmTC_1a91b.dir/src.c.obj
[2/2] Linking C executable cmTC_1a91b


Source file was:
int main(void) { return 0; }
